Archive member included because of file (symbol)

c:/freescale/kds_v3/toolchain/bin/../lib/gcc/arm-none-eabi/4.8.4/armv7e-m/fpu\libgcc.a(_arm_muldivdf3.o)
                              ./APP/feedback_control.o (__aeabi_dmul)
c:/freescale/kds_v3/toolchain/bin/../lib/gcc/arm-none-eabi/4.8.4/armv7e-m/fpu\libgcc.a(_arm_cmpdf2.o)
                              ./APP/feedback_control.o (__aeabi_dcmplt)
c:/freescale/kds_v3/toolchain/bin/../lib/gcc/arm-none-eabi/4.8.4/armv7e-m/fpu\libgcc.a(_aeabi_uldivmod.o)
                              ./BSP/cpu_bsp.o (__aeabi_uldivmod)
c:/freescale/kds_v3/toolchain/bin/../lib/gcc/arm-none-eabi/4.8.4/armv7e-m/fpu\libgcc.a(bpabi.o)
                              c:/freescale/kds_v3/toolchain/bin/../lib/gcc/arm-none-eabi/4.8.4/armv7e-m/fpu\libgcc.a(_aeabi_uldivmod.o) (__gnu_uldivmod_helper)
c:/freescale/kds_v3/toolchain/bin/../lib/gcc/arm-none-eabi/4.8.4/armv7e-m/fpu\libgcc.a(_dvmd_tls.o)
                              c:/freescale/kds_v3/toolchain/bin/../lib/gcc/arm-none-eabi/4.8.4/armv7e-m/fpu\libgcc.a(_aeabi_uldivmod.o) (__aeabi_ldiv0)
c:/freescale/kds_v3/toolchain/bin/../lib/gcc/arm-none-eabi/4.8.4/armv7e-m/fpu\libgcc.a(_divdi3.o)
                              c:/freescale/kds_v3/toolchain/bin/../lib/gcc/arm-none-eabi/4.8.4/armv7e-m/fpu\libgcc.a(bpabi.o) (__divdi3)
c:/freescale/kds_v3/toolchain/bin/../lib/gcc/arm-none-eabi/4.8.4/armv7e-m/fpu\libgcc.a(_udivdi3.o)
                              c:/freescale/kds_v3/toolchain/bin/../lib/gcc/arm-none-eabi/4.8.4/armv7e-m/fpu\libgcc.a(bpabi.o) (__udivdi3)
c:/freescale/kds_v3/toolchain/bin/../lib/gcc/arm-none-eabi/4.8.4/../../../../arm-none-eabi/lib/armv7e-m/fpu\libg_s.a(lib_a-assert.o)
                              ./KSDK/platform/system/interrupt/src/fsl_interrupt_manager.o (__assert_func)
c:/freescale/kds_v3/toolchain/bin/../lib/gcc/arm-none-eabi/4.8.4/../../../../arm-none-eabi/lib/armv7e-m/fpu\libg_s.a(lib_a-calloc.o)
                              ./KSDK/platform/osa/src/fsl_os_abstraction_ucosiii.o (calloc)
c:/freescale/kds_v3/toolchain/bin/../lib/gcc/arm-none-eabi/4.8.4/../../../../arm-none-eabi/lib/armv7e-m/fpu\libg_s.a(lib_a-exit.o)
                              c:/freescale/kds_v3/toolchain/bin/../lib/gcc/arm-none-eabi/4.8.4/../../../../arm-none-eabi/lib/armv7e-m/fpu/crt0.o (exit)
c:/freescale/kds_v3/toolchain/bin/../lib/gcc/arm-none-eabi/4.8.4/../../../../arm-none-eabi/lib/armv7e-m/fpu\libg_s.a(lib_a-fprintf.o)
                              c:/freescale/kds_v3/toolchain/bin/../lib/gcc/arm-none-eabi/4.8.4/../../../../arm-none-eabi/lib/armv7e-m/fpu\libg_s.a(lib_a-assert.o) (fiprintf)
c:/freescale/kds_v3/toolchain/bin/../lib/gcc/arm-none-eabi/4.8.4/../../../../arm-none-eabi/lib/armv7e-m/fpu\libg_s.a(lib_a-impure.o)
                              c:/freescale/kds_v3/toolchain/bin/../lib/gcc/arm-none-eabi/4.8.4/../../../../arm-none-eabi/lib/armv7e-m/fpu\libg_s.a(lib_a-exit.o) (_global_impure_ptr)
c:/freescale/kds_v3/toolchain/bin/../lib/gcc/arm-none-eabi/4.8.4/../../../../arm-none-eabi/lib/armv7e-m/fpu\libg_s.a(lib_a-init.o)
                              c:/freescale/kds_v3/toolchain/bin/../lib/gcc/arm-none-eabi/4.8.4/../../../../arm-none-eabi/lib/armv7e-m/fpu/crt0.o (__libc_init_array)
c:/freescale/kds_v3/toolchain/bin/../lib/gcc/arm-none-eabi/4.8.4/../../../../arm-none-eabi/lib/armv7e-m/fpu\libg_s.a(lib_a-malloc.o)
                              ./KSDK/platform/osa/src/fsl_os_abstraction_ucosiii.o (malloc)
c:/freescale/kds_v3/toolchain/bin/../lib/gcc/arm-none-eabi/4.8.4/../../../../arm-none-eabi/lib/armv7e-m/fpu\libg_s.a(lib_a-memset.o)
                              c:/freescale/kds_v3/toolchain/bin/../lib/gcc/arm-none-eabi/4.8.4/../../../../arm-none-eabi/lib/armv7e-m/fpu/crt0.o (memset)
c:/freescale/kds_v3/toolchain/bin/../lib/gcc/arm-none-eabi/4.8.4/../../../../arm-none-eabi/lib/armv7e-m/fpu\libg_s.a(lib_a-nano-callocr.o)
                              c:/freescale/kds_v3/toolchain/bin/../lib/gcc/arm-none-eabi/4.8.4/../../../../arm-none-eabi/lib/armv7e-m/fpu\libg_s.a(lib_a-calloc.o) (_calloc_r)
c:/freescale/kds_v3/toolchain/bin/../lib/gcc/arm-none-eabi/4.8.4/../../../../arm-none-eabi/lib/armv7e-m/fpu\libg_s.a(lib_a-nano-freer.o)
                              c:/freescale/kds_v3/toolchain/bin/../lib/gcc/arm-none-eabi/4.8.4/../../../../arm-none-eabi/lib/armv7e-m/fpu\libg_s.a(lib_a-malloc.o) (_free_r)
c:/freescale/kds_v3/toolchain/bin/../lib/gcc/arm-none-eabi/4.8.4/../../../../arm-none-eabi/lib/armv7e-m/fpu\libg_s.a(lib_a-nano-mallocr.o)
                              c:/freescale/kds_v3/toolchain/bin/../lib/gcc/arm-none-eabi/4.8.4/../../../../arm-none-eabi/lib/armv7e-m/fpu\libg_s.a(lib_a-malloc.o) (_malloc_r)
c:/freescale/kds_v3/toolchain/bin/../lib/gcc/arm-none-eabi/4.8.4/../../../../arm-none-eabi/lib/armv7e-m/fpu\libg_s.a(lib_a-sbrkr.o)
                              c:/freescale/kds_v3/toolchain/bin/../lib/gcc/arm-none-eabi/4.8.4/../../../../arm-none-eabi/lib/armv7e-m/fpu\libg_s.a(lib_a-nano-mallocr.o) (_sbrk_r)
[...]
Memory Configuration

Name             Origin             Length             Attributes
m_interrupts     0x00000000         0x00000400         xr
m_text           0x00000410         0x000ffbf0         xr
m_interrupts_ram 0x1fff0000         0x00000400         rw
m_data_1FFF0400  0x1fff0400         0x0000fc00         rw
m_data           0x20000000         0x00030000         rw
m_flash_config   0x00000400         0x00000010         xr
*default*        0x00000000         0xffffffff

Linker script and memory map

LOAD c:/freescale/kds_v3/toolchain/bin/../lib/gcc/arm-none-eabi/4.8.4/armv7e-m/fpu/crti.o
LOAD c:/freescale/kds_v3/toolchain/bin/../lib/gcc/arm-none-eabi/4.8.4/armv7e-m/fpu/crtbegin.o
LOAD c:/freescale/kds_v3/toolchain/bin/../lib/gcc/arm-none-eabi/4.8.4/../../../../arm-none-eabi/lib/armv7e-m/fpu/crt0.o
LOAD ./uCOS-III/Source/os_cfg_app.o
LOAD ./uCOS-III/Source/os_core.o
LOAD ./uCOS-III/Source/os_dbg.o
LOAD ./uCOS-III/Source/os_flag.o
LOAD ./uCOS-III/Source/os_int.o
LOAD ./uCOS-III/Source/os_mem.o
LOAD ./uCOS-III/Source/os_msg.o
LOAD ./uCOS-III/Source/os_mutex.o
LOAD ./uCOS-III/Source/os_pend_multi.o
LOAD ./uCOS-III/Source/os_prio.o
LOAD ./uCOS-III/Source/os_q.o
LOAD ./uCOS-III/Source/os_sem.o
LOAD ./uCOS-III/Source/os_stat.o
LOAD ./uCOS-III/Source/os_task.o
LOAD ./uCOS-III/Source/os_tick.o
LOAD ./uCOS-III/Source/os_time.o
LOAD ./uCOS-III/Source/os_tmr.o
LOAD ./uCOS-III/Source/os_var.o
LOAD ./uCOS-III/Ports/ARM-Cortex-M4/Generic/GNU/os_cpu_a.o
LOAD ./uCOS-III/Ports/ARM-Cortex-M4/Generic/GNU/os_cpu_c.o
LOAD ./uC-LIB/lib_ascii.o
LOAD ./uC-LIB/lib_math.o
LOAD ./uC-LIB/lib_mem.o
LOAD ./uC-LIB/lib_str.o
LOAD ./uC-CPU/ARM-Cortex-M4/GNU/cpu_a.o
LOAD ./uC-CPU/ARM-Cortex-M4/GNU/cpu_c.o
LOAD ./uC-CPU/cpu_core.o
LOAD ./KSDK/platform/system/interrupt/src/fsl_interrupt_manager.o
LOAD ./KSDK/platform/system/clock/MK64F12/fsl_clock_K64F12.o
LOAD ./KSDK/platform/system/clock/fsl_clock_manager.o
LOAD ./KSDK/platform/startup/MK64F12/system_MK64F12.o
LOAD ./KSDK/platform/osa/src/fsl_os_abstraction_ucosiii.o
LOAD ./KSDK/platform/hal/uart/fsl_uart_hal.o
LOAD ./KSDK/platform/hal/sim/MK64F12/fsl_sim_hal_K64F12.o
LOAD ./KSDK/platform/hal/sim/fsl_sim_hal.o
LOAD ./KSDK/platform/hal/port/fsl_port_hal.o
LOAD ./KSDK/platform/hal/mcg/fsl_mcg_hal.o
LOAD ./KSDK/platform/hal/gpio/fsl_gpio_hal.o
LOAD ./KSDK/platform/drivers/uart/src/fsl_uart_driver.o
LOAD ./KSDK/platform/drivers/uart/common/fsl_uart_common.o
LOAD ./KSDK/platform/drivers/gpio/src/fsl_gpio_driver.o
LOAD ./KSDK/platform/drivers/gpio/common/fsl_gpio_common.o
LOAD ./KSDK/boards/frdmk64f120m/gpio_pins.o
LOAD ./KSDK/boards/frdmk64f120m/hardware_init.o
LOAD ./KSDK/boards/frdmk64f120m/pin_mux.o
LOAD ./BSP/KSDK/KDS/startup_MK64F12.o
LOAD ./BSP/KSDK/startup.o
LOAD ./BSP/bsp_ser.o
LOAD ./BSP/cpu_bsp.o
LOAD ./APP/app.o
LOAD ./APP/feedback_control.o
LOAD ./APP/os_app_hooks.o
LOAD c:/freescale/kds_v3/toolchain/bin/../lib/gcc/arm-none-eabi/4.8.4/../../../../arm-none-eabi/lib/armv7e-m/fpu\libm.a
START GROUP
LOAD c:/freescale/kds_v3/toolchain/bin/../lib/gcc/arm-none-eabi/4.8.4/armv7e-m/fpu\libgcc.a
LOAD c:/freescale/kds_v3/toolchain/bin/../lib/gcc/arm-none-eabi/4.8.4/../../../../arm-none-eabi/lib/armv7e-m/fpu\libg_s.a
LOAD c:/freescale/kds_v3/toolchain/bin/../lib/gcc/arm-none-eabi/4.8.4/../../../../arm-none-eabi/lib/armv7e-m/fpu\libc_s.a
END GROUP
START GROUP
LOAD c:/freescale/kds_v3/toolchain/bin/../lib/gcc/arm-none-eabi/4.8.4/armv7e-m/fpu\libgcc.a
LOAD c:/freescale/kds_v3/toolchain/bin/../lib/gcc/arm-none-eabi/4.8.4/../../../../arm-none-eabi/lib/armv7e-m/fpu\libc_s.a
LOAD c:/freescale/kds_v3/toolchain/bin/../lib/gcc/arm-none-eabi/4.8.4/../../../../arm-none-eabi/lib/armv7e-m/fpu\libnosys.a
END GROUP
START GROUP
LOAD c:/freescale/kds_v3/toolchain/bin/../lib/gcc/arm-none-eabi/4.8.4/armv7e-m/fpu\libgcc.a
LOAD c:/freescale/kds_v3/toolchain/bin/../lib/gcc/arm-none-eabi/4.8.4/../../../../arm-none-eabi/lib/armv7e-m/fpu\libc_s.a
LOAD c:/freescale/kds_v3/toolchain/bin/../lib/gcc/arm-none-eabi/4.8.4/../../../../arm-none-eabi/lib/armv7e-m/fpu\libnosys.a
END GROUP
LOAD c:/freescale/kds_v3/toolchain/bin/../lib/gcc/arm-none-eabi/4.8.4/armv7e-m/fpu/crtend.o
LOAD c:/freescale/kds_v3/toolchain/bin/../lib/gcc/arm-none-eabi/4.8.4/armv7e-m/fpu/crtn.o
                0x00008000                HEAP_SIZE = DEFINED (__heap_size__)?__heap_size__:0x8000
                0x00004000                STACK_SIZE = DEFINED (__stack_size__)?__stack_size__:0x4000

.interrupts     0x00000000      0x400
                0x00000000                __VECTOR_TABLE = .
                0x00000000                . = ALIGN (0x4)
 *(.isr_vector)
 .isr_vector    0x00000000      0x400 ./BSP/KSDK/KDS/startup_MK64F12.o
                0x00000000                __isr_vector
                0x00000400                . = ALIGN (0x4)
                0x1fff0000                __VECTOR_RAM = ORIGIN (m_interrupts_ram)

.flash_config   0x00000400       0x10
                0x00000400                . = ALIGN (0x4)
 *(.FlashConfig)
 .FlashConfig   0x00000400       0x10 ./BSP/KSDK/KDS/startup_MK64F12.o
                0x00000410                . = ALIGN (0x4)

.text           0x00000410     0x9098
                0x00000410                . = ALIGN (0x4)
 *(.text)
 .text          0x00000410       0x54 c:/freescale/kds_v3/toolchain/bin/../lib/gcc/arm-none-eabi/4.8.4/armv7e-m/fpu/crtbegin.o
 .text          0x00000464       0x74 c:/freescale/kds_v3/toolchain/bin/../lib/gcc/arm-none-eabi/4.8.4/../../../../arm-none-eabi/lib/armv7e-m/fpu/crt0.o
                0x00000464                _start
                0x00000464                _mainCRTStartup
 .text          0x000004d8       0xfc ./uCOS-III/Ports/ARM-Cortex-M4/Generic/GNU/os_cpu_a.o
                0x000004d8                OS_CPU_FP_Reg_Push
                0x000004ea                OS_CPU_FP_Reg_Pop
                0x000004f6                OSStartHighRdy
                0x00000566                OSCtxSw
                0x0000056e                OSIntCtxSw
                0x00000576                PendSV_Handler
 .text          0x000005d4       0x34 ./uC-CPU/ARM-Cortex-M4/GNU/cpu_a.o
                0x000005d4                CPU_IntDis
                0x000005d8                CPU_IntEn
                0x000005dc                CPU_SR_Save
                0x000005e4                CPU_SR_Restore
                0x000005ea                CPU_WaitForInt
                0x000005ee                CPU_WaitForExcept
                0x000005f2                CPU_CntLeadZeros
                0x000005f8                CPU_CntTrailZeros
                0x00000602                CPU_RevBits
 .text          0x00000608       0x3c ./BSP/KSDK/KDS/startup_MK64F12.o
                0x00000608                Reset_Handler
                0x00000640                DebugMon_Handler
                0x00000640                I2C0_IRQHandler
                0x00000640                HardFault_Handler
                0x00000640                UART3_RX_TX_IRQHandler
                0x00000640                NMI_Handler
                0x00000640                UART0_RX_TX_IRQHandler
                0x00000640                I2C1_IRQHandler
                0x00000640                DMA2_IRQHandler
                0x00000640                ENET_Error_IRQHandler
                0x00000640                CAN0_Tx_Warning_IRQHandler
                0x00000640                PIT0_IRQHandler
                0x00000640                CAN0_ORed_Message_buffer_IRQHandler
                0x00000640                Watchdog_IRQHandler
                0x00000640                CMP2_IRQHandler
                0x00000640                ENET_Receive_IRQHandler
                0x00000640                ENET_1588_Timer_IRQHandler
                0x00000640                UART2_RX_TX_IRQHandler
                0x00000640                SWI_IRQHandler
                0x00000640                ADC0_IRQHandler
                0x00000640                UsageFault_Handler
                0x00000640                I2S0_Tx_IRQHandler
                0x00000640                CMT_IRQHandler
                0x00000640                UART4_RX_TX_IRQHandler
                0x00000640                SPI1_IRQHandler
                0x00000640                DefaultISR
                0x00000640                DMA9_IRQHandler
                0x00000640                DMA14_IRQHandler
                0x00000640                CMP1_IRQHandler
                0x00000640                Reserved71_IRQHandler
                0x00000640                PORTD_IRQHandler
                0x00000640                PORTB_IRQHandler
                0x00000640                UART4_ERR_IRQHandler
                0x00000640                ADC1_IRQHandler
                0x00000640                I2C2_IRQHandler
                0x00000640                PIT2_IRQHandler
                0x00000640                I2S0_Rx_IRQHandler
                0x00000640                LPTimer_IRQHandler
                0x00000640                DMA5_IRQHandler
                0x00000640                RTC_IRQHandler
                0x00000640                PDB0_IRQHandler
                0x00000640                CAN0_Rx_Warning_IRQHandler
                0x00000640                FTM1_IRQHandler
                0x00000640                UART5_RX_TX_IRQHandler
                0x00000640                UART3_ERR_IRQHandler
                0x00000640                PIT3_IRQHandler
                0x00000640                SDHC_IRQHandler
                0x00000640                RTC_Seconds_IRQHandler
                0x00000640                MCG_IRQHandler
                0x00000640                FTFE_IRQHandler
                0x00000640                UART2_ERR_IRQHandler
                0x00000640                DMA11_IRQHandler
                0x00000640                UART5_ERR_IRQHandler
                0x00000640                Read_Collision_IRQHandler
                0x00000640                Default_Handler
                0x00000640                DMA7_IRQHandler
                0x00000640                ENET_Transmit_IRQHandler
                0x00000640                USBDCD_IRQHandler
                0x00000640                USB0_IRQHandler
                0x00000640                LLW_IRQHandler
                0x00000640                SPI2_IRQHandler
                0x00000640                MemManage_Handler
                0x00000640                SVC_Handler
                0x00000640                DMA13_IRQHandler
                0x00000640                DMA3_IRQHandler
                0x00000640                UART0_LON_IRQHandler
                0x00000640                RNG_IRQHandler
                0x00000640                DMA0_IRQHandler
                0x00000640                DMA15_IRQHandler
                0x00000640                DAC0_IRQHandler
                0x00000640                CAN0_Error_IRQHandler
                0x00000640                DMA4_IRQHandler
                0x00000640                PIT1_IRQHandler
                0x00000640                UART0_ERR_IRQHandler
                0x00000640                DMA_Error_IRQHandler
                0x00000640                LVD_LVW_IRQHandler
                0x00000640                SPI0_IRQHandler
                0x00000640                FTM0_IRQHandler
                0x00000640                PORTA_IRQHandler
                0x00000640                DAC1_IRQHandler
                0x00000640                MCM_IRQHandler
                0x00000640                DMA12_IRQHandler
                0x00000640                CAN0_Bus_Off_IRQHandler
                0x00000640                FTM3_IRQHandler
                0x00000640                PORTE_IRQHandler
                0x00000640                FTM2_IRQHandler
                0x00000640                BusFault_Handler
                0x00000640                DMA8_IRQHandler
                0x00000640                DMA10_IRQHandler
                0x00000640                CAN0_Wake_Up_IRQHandler
                0x00000640                UART1_ERR_IRQHandler
                0x00000640                UART1_RX_TX_IRQHandler
                0x00000640                CMP0_IRQHandler
                0x00000640                PORTC_IRQHandler
                0x00000640                DMA6_IRQHandler
                0x00000640                DMA1_IRQHandler
 .text          0x00000644      0x424 c:/freescale/kds_v3/toolchain/bin/../lib/gcc/arm-none-eabi/4.8.4/armv7e-m/fpu\libgcc.a(_arm_muldivdf3.o)
                0x00000644                __aeabi_dmul
                0x00000644                __muldf3
                0x00000898                __divdf3
                0x00000898                __aeabi_ddiv
 .text          0x00000a68      0x110 c:/freescale/kds_v3/toolchain/bin/../lib/gcc/arm-none-eabi/4.8.4/armv7e-m/fpu\libgcc.a(_arm_cmpdf2.o)
                0x00000a68                __gtdf2
                0x00000a68                __gedf2
                0x00000a70                __ltdf2
                0x00000a70                __ledf2
                0x00000a78                __nedf2
                0x00000a78                __eqdf2
                0x00000a78                __cmpdf2
                0x00000af4                __aeabi_cdrcmple
                0x00000b04                __aeabi_cdcmpeq
                0x00000b04                __aeabi_cdcmple
                0x00000b14                __aeabi_dcmpeq
                0x00000b28                __aeabi_dcmplt
                0x00000b3c                __aeabi_dcmple
                0x00000b50                __aeabi_dcmpge
                0x00000b64                __aeabi_dcmpgt
 *(.text*)
 .text.OSCfg_Init
                0x00000b78        0xc ./uCOS-III/Source/os_cfg_app.o
                0x00000b78                OSCfg_Init
 .text.OSInit   0x00000b84      0x1d4 ./uCOS-III/Source/os_core.o
                0x00000b84                OSInit
 .text.OSIntEnter
                0x00000d58       0x34 ./uCOS-III/Source/os_core.o
                0x00000d58                OSIntEnter
 .text.OSIntExit
                0x00000d8c       0xc0 ./uCOS-III/Source/os_core.o
                0x00000d8c                OSIntExit
 .text.OSSched  0x00000e4c       0x94 ./uCOS-III/Source/os_core.o
                0x00000e4c                OSSched
 .text.OSSchedLock
                0x00000ee0       0x54 ./uCOS-III/Source/os_core.o
                0x00000ee0                OSSchedLock
 .text.OSSchedUnlock
                0x00000f34       0x70 ./uCOS-III/Source/os_core.o
                0x00000f34                OSSchedUnlock
 .text.OSSchedRoundRobinCfg
                0x00000fa4       0x64 ./uCOS-III/Source/os_core.o
                0x00000fa4                OSSchedRoundRobinCfg
 .text.OSStart  0x00001008       0x80 ./uCOS-III/Source/os_core.o
                0x00001008                OSStart
 .text.OS_IdleTask
                0x00001088       0x34 ./uCOS-III/Source/os_core.o
                0x00001088                OS_IdleTask
 .text.OS_IdleTaskInit
                0x000010bc       0x68 ./uCOS-III/Source/os_core.o
                0x000010bc                OS_IdleTaskInit
 .text.OS_Pend  0x00001124       0x84 ./uCOS-III/Source/os_core.o
                0x00001124                OS_Pend
 .text.OS_PendDataInit
                0x000011a8       0x6c ./uCOS-III/Source/os_core.o
                0x000011a8                OS_PendDataInit
 .text.OS_PendDbgNameAdd
                0x00001214       0x7c ./uCOS-III/Source/os_core.o
                0x00001214                OS_PendDbgNameAdd
 .text.OS_PendDbgNameRemove
                0x00001290       0x48 ./uCOS-III/Source/os_core.o
                0x00001290                OS_PendDbgNameRemove
 .text.OS_PendListChangePrio
                0x000012d8       0x54 ./uCOS-III/Source/os_core.o
                0x000012d8                OS_PendListChangePrio
 .text.OS_PendListInit
                0x0000132c       0x24 ./uCOS-III/Source/os_core.o
                0x0000132c                OS_PendListInit
 .text.OS_PendListInsertPrio
                0x00001350       0xe4 ./uCOS-III/Source/os_core.o
                0x00001350                OS_PendListInsertPrio
 .text.OS_PendListRemove
                0x00001434       0x54 ./uCOS-III/Source/os_core.o
                0x00001434                OS_PendListRemove
 .text.OS_PendListRemove1
                0x00001488       0x94 ./uCOS-III/Source/os_core.o
                0x00001488                OS_PendListRemove1
 .text.OS_Post  0x0000151c      0x12c ./uCOS-III/Source/os_core.o
                0x0000151c                OS_Post
 .text.OS_Post1
                0x00001648       0x60 ./uCOS-III/Source/os_core.o
                0x00001648                OS_Post1
 .text.OS_RdyListInit
                0x000016a8       0x48 ./uCOS-III/Source/os_core.o
                0x000016a8                OS_RdyListInit
 .text.OS_RdyListInsert
                0x000016f0       0x3c ./uCOS-III/Source/os_core.o
                0x000016f0                OS_RdyListInsert
 .text.OS_RdyListInsertHead
                0x0000172c       0x80 ./uCOS-III/Source/os_core.o
                0x0000172c                OS_RdyListInsertHead
 .text.OS_RdyListInsertTail
                0x000017ac       0x80 ./uCOS-III/Source/os_core.o
                0x000017ac                OS_RdyListInsertTail
 .text.OS_RdyListMoveHeadToTail
                0x0000182c       0x90 ./uCOS-III/Source/os_core.o
                0x0000182c                OS_RdyListMoveHeadToTail
 .text.OS_RdyListRemove
                0x000018bc       0xac ./uCOS-III/Source/os_core.o
                0x000018bc                OS_RdyListRemove
 .text.OS_SchedRoundRobin
                0x00001968       0xb4 ./uCOS-III/Source/os_core.o
                0x00001968                OS_SchedRoundRobin
 .text.OS_TaskBlock
                0x00001a1c       0x3c ./uCOS-III/Source/os_core.o
                0x00001a1c                OS_TaskBlock
 .text.OS_Dbg_Init
                0x00001a58      0x238 ./uCOS-III/Source/os_dbg.o
                0x00001a58                OS_Dbg_Init
 .text.OS_FlagInit
                0x00001c90       0x2c ./uCOS-III/Source/os_flag.o
                0x00001c90                OS_FlagInit
 .text.OS_MemInit
                0x00001cbc       0x2c ./uCOS-III/Source/os_mem.o
                0x00001cbc                OS_MemInit
 .text.OS_MsgPoolInit
                0x00001ce8       0xac ./uCOS-III/Source/os_msg.o
                0x00001ce8                OS_MsgPoolInit
 .text.OS_MsgQFreeAll
                0x00001d94       0x78 ./uCOS-III/Source/os_msg.o
                0x00001d94                OS_MsgQFreeAll
 .text.OS_MsgQInit
                0x00001e0c       0x34 ./uCOS-III/Source/os_msg.o
                0x00001e0c                OS_MsgQInit
 .text.OSMutexCreate
                0x00001e40       0x6c ./uCOS-III/Source/os_mutex.o
                0x00001e40                OSMutexCreate
 .text.OSMutexPend
                0x00001eac      0x1ac ./uCOS-III/Source/os_mutex.o
                0x00001eac                OSMutexPend
 .text.OSMutexPost
                0x00002058      0x154 ./uCOS-III/Source/os_mutex.o
                0x00002058                OSMutexPost
 .text.OS_MutexDbgListAdd
                0x000021ac       0x4c ./uCOS-III/Source/os_mutex.o
                0x000021ac                OS_MutexDbgListAdd
 .text.OS_MutexInit
                0x000021f8       0x2c ./uCOS-III/Source/os_mutex.o
                0x000021f8                OS_MutexInit
 .text.OS_MutexGrpAdd
                0x00002224       0x24 ./uCOS-III/Source/os_mutex.o
                0x00002224                OS_MutexGrpAdd
 .text.OS_MutexGrpRemove
                0x00002248       0x38 ./uCOS-III/Source/os_mutex.o
                0x00002248                OS_MutexGrpRemove
 .text.OS_MutexGrpPrioFindHighest
                0x00002280       0x58 ./uCOS-III/Source/os_mutex.o
                0x00002280                OS_MutexGrpPrioFindHighest
 .text.OS_MutexGrpPostAll
                0x000022d8       0x84 ./uCOS-III/Source/os_mutex.o
                0x000022d8                OS_MutexGrpPostAll
 .text.OS_PrioInit
                0x0000235c       0x30 ./uCOS-III/Source/os_prio.o
                0x0000235c                OS_PrioInit
 .text.OS_PrioGetHighest
                0x0000238c       0x48 ./uCOS-III/Source/os_prio.o
                0x0000238c                OS_PrioGetHighest
 .text.OS_PrioInsert
                0x000023d4       0x4c ./uCOS-III/Source/os_prio.o
                0x000023d4                OS_PrioInsert
 .text.OS_PrioRemove
                0x00002420       0x50 ./uCOS-III/Source/os_prio.o
                0x00002420                OS_PrioRemove
 .text.OS_QInit
                0x00002470       0x2c ./uCOS-III/Source/os_q.o
                0x00002470                OS_QInit
 .text.OSSemCreate
                0x0000249c       0x60 ./uCOS-III/Source/os_sem.o
                0x0000249c                OSSemCreate
 .text.OSSemPost
                0x000024fc       0x2c ./uCOS-III/Source/os_sem.o
                0x000024fc                OSSemPost
 .text.OS_SemDbgListAdd
                0x00002528       0x4c ./uCOS-III/Source/os_sem.o
                0x00002528                OS_SemDbgListAdd
 .text.OS_SemInit
                0x00002574       0x2c ./uCOS-III/Source/os_sem.o
                0x00002574                OS_SemInit
 .text.OS_SemPost
                0x000025a0       0xd4 ./uCOS-III/Source/os_sem.o
                0x000025a0                OS_SemPost
 .text.OSStatReset
                0x00002674      0x100 ./uCOS-III/Source/os_stat.o
                0x00002674                OSStatReset
 .text.OSStatTaskCPUUsageInit
                0x00002774       0xf0 ./uCOS-III/Source/os_stat.o
                0x00002774                OSStatTaskCPUUsageInit
 .text.OS_StatTask
                0x00002864      0x2f4 ./uCOS-III/Source/os_stat.o
                0x00002864                OS_StatTask
 .text.OS_StatTaskInit
                0x00002b58       0xd4 ./uCOS-III/Source/os_stat.o
                0x00002b58                OS_StatTaskInit
 .text.OSTaskCreate
                0x00002c2c      0x184 ./uCOS-III/Source/os_task.o
                0x00002c2c                OSTaskCreate
 .text.OSTaskDel
                0x00002db0      0x1b4 ./uCOS-III/Source/os_task.o
                0x00002db0                OSTaskDel
 .text.OSTaskResume
                0x00002f64       0x20 ./uCOS-III/Source/os_task.o
                0x00002f64                OSTaskResume
 .text.OSTaskSemPend
                0x00002f84      0x190 ./uCOS-III/Source/os_task.o
                0x00002f84                OSTaskSemPend
 .text.OSTaskSemPost
                0x00003114       0x2c ./uCOS-III/Source/os_task.o
                0x00003114                OSTaskSemPost
 .text.OSTaskStkChk
                0x00003140       0xb0 ./uCOS-III/Source/os_task.o
                0x00003140                OSTaskStkChk
 .text.OSTaskSuspend
                0x000031f0       0x30 ./uCOS-III/Source/os_task.o
                0x000031f0                OSTaskSuspend
 .text.OS_TaskDbgListAdd
                0x00003220       0x4c ./uCOS-III/Source/os_task.o
                0x00003220                OS_TaskDbgListAdd
 .text.OS_TaskDbgListRemove
                0x0000326c       0x84 ./uCOS-III/Source/os_task.o
                0x0000326c                OS_TaskDbgListRemove
 .text.OS_TaskInit
                0x000032f0       0x38 ./uCOS-III/Source/os_task.o
                0x000032f0                OS_TaskInit
 .text.OS_TaskInitTCB
                0x00003328      0x19c ./uCOS-III/Source/os_task.o
                0x00003328                OS_TaskInitTCB
 .text.OS_TaskResume
                0x000034c4      0x110 ./uCOS-III/Source/os_task.o
                0x000034c4                OS_TaskResume
 .text.OS_TaskReturn
                0x000035d4       0x24 ./uCOS-III/Source/os_task.o
                0x000035d4                OS_TaskReturn
 .text.OS_TaskSemPost
                0x000035f8      0x114 ./uCOS-III/Source/os_task.o
                0x000035f8                OS_TaskSemPost
 .text.OS_TaskSuspend
                0x0000370c      0x104 ./uCOS-III/Source/os_task.o
                0x0000370c                OS_TaskSuspend
 .text.OS_TaskChangePrio
                0x00003810      0x144 ./uCOS-III/Source/os_task.o
                0x00003810                OS_TaskChangePrio
 .text.OS_TickTask
                0x00003954       0x60 ./uCOS-III/Source/os_tick.o
                0x00003954                OS_TickTask
 .text.OS_TickTaskInit
                0x000039b4       0xd8 ./uCOS-III/Source/os_tick.o
                0x000039b4                OS_TickTaskInit
 .text.OS_TickListInsert
                0x00003a8c      0x130 ./uCOS-III/Source/os_tick.o
                0x00003a8c                OS_TickListInsert
 .text.OS_TickListInsertDly
                0x00003bbc      0x108 ./uCOS-III/Source/os_tick.o
                0x00003bbc                OS_TickListInsertDly
 .text.OS_TickListRemove
                0x00003cc4       0xc8 ./uCOS-III/Source/os_tick.o
                0x00003cc4                OS_TickListRemove
 .text.OS_TickListResetPeak
                0x00003d8c        0xc ./uCOS-III/Source/os_tick.o
                0x00003d8c                OS_TickListResetPeak
 .text.OS_TickListUpdateDly
                0x00003d98       0xb4 ./uCOS-III/Source/os_tick.o
 .text.OS_TickListUpdateTimeout
                0x00003e4c      0x150 ./uCOS-III/Source/os_tick.o
 .text.OSTimeDly
                0x00003f9c       0xb8 ./uCOS-III/Source/os_time.o
                0x00003f9c                OSTimeDly
 .text.OSTimeDlyHMSM
                0x00004054      0x138 ./uCOS-III/Source/os_time.o
                0x00004054                OSTimeDlyHMSM
 .text.OSTimeTick
                0x0000418c       0x74 ./uCOS-III/Source/os_time.o
                0x0000418c                OSTimeTick
 .text.OSTmrCreate
                0x00004200       0x80 ./uCOS-III/Source/os_tmr.o
                0x00004200                OSTmrCreate
 .text.OSTmrStart
                0x00004280       0xfc ./uCOS-III/Source/os_tmr.o
                0x00004280                OSTmrStart
 .text.OS_TmrDbgListAdd
                0x0000437c       0x44 ./uCOS-III/Source/os_tmr.o
                0x0000437c                OS_TmrDbgListAdd
 .text.OS_TmrInit
                0x000043c0      0x134 ./uCOS-III/Source/os_tmr.o
                0x000043c0                OS_TmrInit
 .text.OS_TmrResetPeak
                0x000044f4        0xc ./uCOS-III/Source/os_tmr.o
                0x000044f4                OS_TmrResetPeak
 .text.OS_TmrUnlink
                0x00004500       0x7c ./uCOS-III/Source/os_tmr.o
                0x00004500                OS_TmrUnlink
 .text.OS_TmrTask
                0x0000457c       0xcc ./uCOS-III/Source/os_tmr.o
                0x0000457c                OS_TmrTask
 .text.OS_TmrLock
                0x00004648       0x20 ./uCOS-III/Source/os_tmr.o
 .text.OS_TmrUnlock
                0x00004668       0x1c ./uCOS-III/Source/os_tmr.o
 .text.OSIdleTaskHook
                0x00004684       0x18 ./uCOS-III/Ports/ARM-Cortex-M4/Generic/GNU/os_cpu_c.o
                0x00004684                OSIdleTaskHook
 .text.OSInitHook
                0x0000469c       0x38 ./uCOS-III/Ports/ARM-Cortex-M4/Generic/GNU/os_cpu_c.o
                0x0000469c                OSInitHook
 .text.OSStatTaskHook
                0x000046d4       0x18 ./uCOS-III/Ports/ARM-Cortex-M4/Generic/GNU/os_cpu_c.o
                0x000046d4                OSStatTaskHook
 .text.OSTaskCreateHook
                0x000046ec       0x24 ./uCOS-III/Ports/ARM-Cortex-M4/Generic/GNU/os_cpu_c.o
                0x000046ec                OSTaskCreateHook
 .text.OSTaskDelHook
                0x00004710       0x24 ./uCOS-III/Ports/ARM-Cortex-M4/Generic/GNU/os_cpu_c.o
                0x00004710                OSTaskDelHook
 .text.OSTaskReturnHook
                0x00004734       0x24 ./uCOS-III/Ports/ARM-Cortex-M4/Generic/GNU/os_cpu_c.o
                0x00004734                OSTaskReturnHook
 .text.OSTaskStkInit
                0x00004758      0x34c ./uCOS-III/Ports/ARM-Cortex-M4/Generic/GNU/os_cpu_c.o
                0x00004758                OSTaskStkInit
 .text.OSTaskSwHook
                0x00004aa4       0xa8 ./uCOS-III/Ports/ARM-Cortex-M4/Generic/GNU/os_cpu_c.o
                0x00004aa4                OSTaskSwHook
 .text.OSTimeTickHook
                0x00004b4c       0x18 ./uCOS-III/Ports/ARM-Cortex-M4/Generic/GNU/os_cpu_c.o
                0x00004b4c                OSTimeTickHook
 .text.SysTick_Handler
                0x00004b64       0x1c ./uCOS-III/Ports/ARM-Cortex-M4/Generic/GNU/os_cpu_c.o
                0x00004b64                SysTick_Handler
 .text.OS_CPU_SysTickInit
                0x00004b80       0x54 ./uCOS-III/Ports/ARM-Cortex-M4/Generic/GNU/os_cpu_c.o
                0x00004b80                OS_CPU_SysTickInit
 .text.Math_Init
                0x00004bd4        0xc ./uC-LIB/lib_math.o
                0x00004bd4                Math_Init
 .text.Math_RandSetSeed
                0x00004be0       0x20 ./uC-LIB/lib_math.o
                0x00004be0                Math_RandSetSeed
 .text.Mem_Init
                0x00004c00       0x4c ./uC-LIB/lib_mem.o
                0x00004c00                Mem_Init
 .text.Mem_Clr  0x00004c4c       0x1c ./uC-LIB/lib_mem.o
                0x00004c4c                Mem_Clr
 .text.Mem_Set  0x00004c68       0xb4 ./uC-LIB/lib_mem.o
                0x00004c68                Mem_Set
 .text.Mem_SegCreate
                0x00004d1c       0x34 ./uC-LIB/lib_mem.o
                0x00004d1c                Mem_SegCreate
 .text.Mem_SegCreateCritical
                0x00004d50       0x48 ./uC-LIB/lib_mem.o
 .text.Str_Len_N
                0x00004d98       0x44 ./uC-LIB/lib_str.o
                0x00004d98                Str_Len_N
 .text.Str_Copy_N
                0x00004ddc       0x90 ./uC-LIB/lib_str.o
                0x00004ddc                Str_Copy_N
 .text.CPU_Init
                0x00004e6c       0x10 ./uC-CPU/cpu_core.o
                0x00004e6c                CPU_Init
 .text.CPU_SW_Exception
                0x00004e7c        0x8 ./uC-CPU/cpu_core.o
                0x00004e7c                CPU_SW_Exception
 .text.CPU_NameClr
                0x00004e84       0x1c ./uC-CPU/cpu_core.o
                0x00004e84                CPU_NameClr
 .text.CPU_NameSet
                0x00004ea0       0x60 ./uC-CPU/cpu_core.o
                0x00004ea0                CPU_NameSet
 .text.CPU_TS_TmrFreqSet
                0x00004f00       0x1c ./uC-CPU/cpu_core.o
                0x00004f00                CPU_TS_TmrFreqSet
 .text.CPU_NameInit
                0x00004f1c        0xc ./uC-CPU/cpu_core.o
 .text.CPU_TS_Init
                0x00004f28       0x3c ./uC-CPU/cpu_core.o
 .text.INT_SYS_InstallHandler
                0x00004f64       0x60 ./KSDK/platform/system/interrupt/src/fsl_interrupt_manager.o
                0x00004f64                INT_SYS_InstallHandler
 .text.INT_SYS_EnableIRQGlobal
                0x00004fc4       0x30 ./KSDK/platform/system/interrupt/src/fsl_interrupt_manager.o
                0x00004fc4                INT_SYS_EnableIRQGlobal
 .text.INT_SYS_DisableIRQGlobal
                0x00004ff4       0x1c ./KSDK/platform/system/interrupt/src/fsl_interrupt_manager.o
                0x00004ff4                INT_SYS_DisableIRQGlobal
 .text.CLOCK_SYS_GetUartFreq
                0x00005010       0x58 ./KSDK/platform/system/clock/MK64F12/fsl_clock_K64F12.o
                0x00005010                CLOCK_SYS_GetUartFreq
 .text.CLOCK_SYS_GetSysClkFreq
                0x00005068       0x8c ./KSDK/platform/system/clock/fsl_clock_manager.o
                0x00005068                CLOCK_SYS_GetSysClkFreq
 .text.CLOCK_SYS_GetFreq
                0x000050f4      0x164 ./KSDK/platform/system/clock/fsl_clock_manager.o
                0x000050f4                CLOCK_SYS_GetFreq
 .text.SystemInit
                0x00005258      0x1f4 ./KSDK/platform/startup/MK64F12/system_MK64F12.o
                0x00005258                SystemInit
 .text.OSA_SemaCreate
                0x0000544c       0x34 ./KSDK/platform/osa/src/fsl_os_abstraction_ucosiii.o
                0x0000544c                OSA_SemaCreate
 .text.OSA_SemaPost
                0x00005480       0x2c ./KSDK/platform/osa/src/fsl_os_abstraction_ucosiii.o
                0x00005480                OSA_SemaPost
 .text.OSA_Init
                0x000054ac       0x48 ./KSDK/platform/osa/src/fsl_os_abstraction_ucosiii.o
                0x000054ac                OSA_Init
 .text.OSA_Start
                0x000054f4       0x24 ./KSDK/platform/osa/src/fsl_os_abstraction_ucosiii.o
                0x000054f4                OSA_Start
 .text.UART_HAL_Init
                0x00005518       0x98 ./KSDK/platform/hal/uart/fsl_uart_hal.o
                0x00005518                UART_HAL_Init
 .text.UART_HAL_SetBaudRate
                0x000055b0       0xa4 ./KSDK/platform/hal/uart/fsl_uart_hal.o
                0x000055b0                UART_HAL_SetBaudRate
 .text.UART_HAL_Putchar
                0x00005654       0x24 ./KSDK/platform/hal/uart/fsl_uart_hal.o
                0x00005654                UART_HAL_Putchar
 .text.UART_HAL_Getchar
                0x00005678       0x28 ./KSDK/platform/hal/uart/fsl_uart_hal.o
                0x00005678                UART_HAL_Getchar
 .text.UART_HAL_SetTxFifoCmd
                0x000056a0       0x5c ./KSDK/platform/hal/uart/fsl_uart_hal.o
                0x000056a0                UART_HAL_SetTxFifoCmd
 .text.UART_HAL_SetRxFifoCmd
                0x000056fc       0x5c ./KSDK/platform/hal/uart/fsl_uart_hal.o
                0x000056fc                UART_HAL_SetRxFifoCmd
 .text.UART_HAL_FlushTxFifo
                0x00005758       0x40 ./KSDK/platform/hal/uart/fsl_uart_hal.o
                0x00005758                UART_HAL_FlushTxFifo
 .text.UART_HAL_FlushRxFifo
                0x00005798       0x40 ./KSDK/platform/hal/uart/fsl_uart_hal.o
                0x00005798                UART_HAL_FlushRxFifo
 .text.UART_HAL_SetTxFifoWatermark
                0x000057d8       0x3c ./KSDK/platform/hal/uart/fsl_uart_hal.o
                0x000057d8                UART_HAL_SetTxFifoWatermark
 .text.UART_HAL_SetRxFifoWatermark
                0x00005814       0x3c ./KSDK/platform/hal/uart/fsl_uart_hal.o
                0x00005814                UART_HAL_SetRxFifoWatermark
 .text.SIM_HAL_EnablePortClock
                0x00005850       0x8c ./KSDK/platform/hal/sim/MK64F12/fsl_sim_hal_K64F12.o
                0x00005850                SIM_HAL_EnablePortClock
 .text.SIM_HAL_EnableUartClock
                0x000058dc       0xa4 ./KSDK/platform/hal/sim/MK64F12/fsl_sim_hal_K64F12.o
                0x000058dc                SIM_HAL_EnableUartClock
 .text.CLOCK_HAL_GetDivider
                0x00005980      0x12c ./KSDK/platform/hal/sim/fsl_sim_hal.o
                0x00005980                CLOCK_HAL_GetDivider
 .text.CLOCK_HAL_GetClkSrcMode
                0x00005aac       0x20 ./KSDK/platform/hal/mcg/fsl_mcg_hal.o
 .text.CLOCK_HAL_GetFllExternalRefDivider
                0x00005acc       0x24 ./KSDK/platform/hal/mcg/fsl_mcg_hal.o
 .text.CLOCK_HAL_GetInternalRefSelMode
                0x00005af0       0x24 ./KSDK/platform/hal/mcg/fsl_mcg_hal.o
 .text.CLOCK_HAL_GetRange0Mode
                0x00005b14       0x24 ./KSDK/platform/hal/mcg/fsl_mcg_hal.o
 .text.CLOCK_HAL_GetInternalRefClkSelMode
                0x00005b38       0x24 ./KSDK/platform/hal/mcg/fsl_mcg_hal.o
 .text.CLOCK_HAL_GetDmx32
                0x00005b5c       0x24 ./KSDK/platform/hal/mcg/fsl_mcg_hal.o
 .text.CLOCK_HAL_GetDigitalControlledOscRangeMode
                0x00005b80       0x24 ./KSDK/platform/hal/mcg/fsl_mcg_hal.o
 .text.CLOCK_HAL_GetPllExternalRefDivider0
                0x00005ba4       0x20 ./KSDK/platform/hal/mcg/fsl_mcg_hal.o
 .text.CLOCK_HAL_GetPllSelMode
                0x00005bc4       0x24 ./KSDK/platform/hal/mcg/fsl_mcg_hal.o
 .text.CLOCK_HAL_GetVoltCtrlOscDivider0
                0x00005be8       0x20 ./KSDK/platform/hal/mcg/fsl_mcg_hal.o
 .text.CLOCK_HAL_GetFastClkInternalRefDivider
                0x00005c08       0x24 ./KSDK/platform/hal/mcg/fsl_mcg_hal.o
 .text.CLOCK_HAL_GetOscselMode
                0x00005c2c       0x20 ./KSDK/platform/hal/mcg/fsl_mcg_hal.o
 .text.CLOCK_HAL_GetFllRefClk
                0x00005c4c       0x9c ./KSDK/platform/hal/mcg/fsl_mcg_hal.o
                0x00005c4c                CLOCK_HAL_GetFllRefClk
 .text.CLOCK_HAL_GetFllClk
                0x00005ce8       0xf4 ./KSDK/platform/hal/mcg/fsl_mcg_hal.o
                0x00005ce8                CLOCK_HAL_GetFllClk
 .text.CLOCK_HAL_GetPll0Clk
                0x00005ddc       0x7c ./KSDK/platform/hal/mcg/fsl_mcg_hal.o
                0x00005ddc                CLOCK_HAL_GetPll0Clk
 .text.CLOCK_HAL_GetInternalRefClk
                0x00005e58       0x3c ./KSDK/platform/hal/mcg/fsl_mcg_hal.o
                0x00005e58                CLOCK_HAL_GetInternalRefClk
 .text.CLOCK_HAL_GetOutClk
                0x00005e94       0xa8 ./KSDK/platform/hal/mcg/fsl_mcg_hal.o
                0x00005e94                CLOCK_HAL_GetOutClk
 .text.GPIO_HAL_SetPinDir
                0x00005f3c       0x68 ./KSDK/platform/hal/gpio/fsl_gpio_hal.o
                0x00005f3c                GPIO_HAL_SetPinDir
 .text.GPIO_HAL_WritePinOutput
                0x00005fa4       0x54 ./KSDK/platform/hal/gpio/fsl_gpio_hal.o
                0x00005fa4                GPIO_HAL_WritePinOutput
 .text.NVIC_EnableIRQ
                0x00005ff8       0x30 ./KSDK/platform/drivers/uart/src/fsl_uart_driver.o
 .text.UART_HAL_EnableTransmitter
                0x00006028       0x24 ./KSDK/platform/drivers/uart/src/fsl_uart_driver.o
 .text.UART_HAL_EnableReceiver
                0x0000604c       0x24 ./KSDK/platform/drivers/uart/src/fsl_uart_driver.o
 .text.UART_HAL_SetBitCountPerChar
                0x00006070       0x28 ./KSDK/platform/drivers/uart/src/fsl_uart_driver.o
 .text.UART_HAL_SetParityMode
                0x00006098       0x2c ./KSDK/platform/drivers/uart/src/fsl_uart_driver.o
 .text.UART_HAL_SetStopBitCount
                0x000060c4       0x24 ./KSDK/platform/drivers/uart/src/fsl_uart_driver.o
 .text.UART_HAL_SetTxDataRegEmptyIntCmd
                0x000060e8       0x28 ./KSDK/platform/drivers/uart/src/fsl_uart_driver.o
 .text.UART_HAL_GetTxDataRegEmptyIntCmd
                0x00006110       0x30 ./KSDK/platform/drivers/uart/src/fsl_uart_driver.o
 .text.UART_HAL_SetRxDataRegFullIntCmd
                0x00006140       0x28 ./KSDK/platform/drivers/uart/src/fsl_uart_driver.o
 .text.UART_HAL_GetRxDataRegFullIntCmd
                0x00006168       0x30 ./KSDK/platform/drivers/uart/src/fsl_uart_driver.o
 .text.UART_HAL_IsTxDataRegEmpty
                0x00006198       0x30 ./KSDK/platform/drivers/uart/src/fsl_uart_driver.o
 .text.UART_HAL_IsRxDataRegFull
                0x000061c8       0x30 ./KSDK/platform/drivers/uart/src/fsl_uart_driver.o
 .text.UART_HAL_GetTxFifoSize
                0x000061f8       0x24 ./KSDK/platform/drivers/uart/src/fsl_uart_driver.o
 .text.UART_HAL_GetTxDatawordCountInFifo
                0x0000621c       0x1c ./KSDK/platform/drivers/uart/src/fsl_uart_driver.o
 .text.UART_HAL_GetRxDatawordCountInFifo
                0x00006238       0x1c ./KSDK/platform/drivers/uart/src/fsl_uart_driver.o
 .text.CLOCK_SYS_EnableUartClock
                0x00006254       0x20 ./KSDK/platform/drivers/uart/src/fsl_uart_driver.o
 .text.INT_SYS_EnableIRQ
                0x00006274       0x54 ./KSDK/platform/drivers/uart/src/fsl_uart_driver.o
 .text.UART_DRV_Init
                0x000062c8      0x170 ./KSDK/platform/drivers/uart/src/fsl_uart_driver.o
                0x000062c8                UART_DRV_Init
 .text.UART_DRV_InstallRxCallback
                0x00006438       0x54 ./KSDK/platform/drivers/uart/src/fsl_uart_driver.o
                0x00006438                UART_DRV_InstallRxCallback
 .text.UART_DRV_CompleteSendData
                0x0000648c       0x6c ./KSDK/platform/drivers/uart/src/fsl_uart_driver.o
 .text.UART_DRV_CompleteReceiveData
                0x000064f8       0x6c ./KSDK/platform/drivers/uart/src/fsl_uart_driver.o
 .text.UART_DRV_IRQHandler
                0x00006564      0x140 ./KSDK/platform/drivers/uart/src/fsl_uart_driver.o
                0x00006564                UART_DRV_IRQHandler
 .text.NVIC_EnableIRQ
                0x000066a4       0x30 ./KSDK/platform/drivers/gpio/src/fsl_gpio_driver.o
 .text.PORT_HAL_SetPullMode
                0x000066d4       0x44 ./KSDK/platform/drivers/gpio/src/fsl_gpio_driver.o
 .text.PORT_HAL_SetPullCmd
                0x00006718       0x48 ./KSDK/platform/drivers/gpio/src/fsl_gpio_driver.o
 .text.PORT_HAL_SetSlewRateMode
                0x00006760       0x48 ./KSDK/platform/drivers/gpio/src/fsl_gpio_driver.o
 .text.PORT_HAL_SetPassiveFilterCmd
                0x000067a8       0x48 ./KSDK/platform/drivers/gpio/src/fsl_gpio_driver.o
 .text.PORT_HAL_SetOpenDrainCmd
                0x000067f0       0x48 ./KSDK/platform/drivers/gpio/src/fsl_gpio_driver.o
 .text.PORT_HAL_SetDriveStrengthMode
                0x00006838       0x48 ./KSDK/platform/drivers/gpio/src/fsl_gpio_driver.o
 .text.PORT_HAL_SetDigitalFilterCmd
                0x00006880       0x4c ./KSDK/platform/drivers/gpio/src/fsl_gpio_driver.o
 .text.PORT_HAL_SetPinIntMode
                0x000068cc       0x58 ./KSDK/platform/drivers/gpio/src/fsl_gpio_driver.o
 .text.GPIO_HAL_SetPinOutput
                0x00006924       0x3c ./KSDK/platform/drivers/gpio/src/fsl_gpio_driver.o
 .text.GPIO_HAL_TogglePinOutput
                0x00006960       0x3c ./KSDK/platform/drivers/gpio/src/fsl_gpio_driver.o
 .text.CLOCK_SYS_EnablePortClock
                0x0000699c       0x20 ./KSDK/platform/drivers/gpio/src/fsl_gpio_driver.o
 .text.INT_SYS_EnableIRQ
                0x000069bc       0x54 ./KSDK/platform/drivers/gpio/src/fsl_gpio_driver.o
 .text.GPIO_DRV_Init
                0x00006a10       0x50 ./KSDK/platform/drivers/gpio/src/fsl_gpio_driver.o
                0x00006a10                GPIO_DRV_Init
 .text.GPIO_DRV_InputPinInit
                0x00006a60       0xbc ./KSDK/platform/drivers/gpio/src/fsl_gpio_driver.o
                0x00006a60                GPIO_DRV_InputPinInit
 .text.GPIO_DRV_OutputPinInit
                0x00006b1c       0x84 ./KSDK/platform/drivers/gpio/src/fsl_gpio_driver.o
                0x00006b1c                GPIO_DRV_OutputPinInit
 .text.GPIO_DRV_SetPinOutput
                0x00006ba0       0x30 ./KSDK/platform/drivers/gpio/src/fsl_gpio_driver.o
                0x00006ba0                GPIO_DRV_SetPinOutput
 .text.GPIO_DRV_TogglePinOutput
                0x00006bd0       0x30 ./KSDK/platform/drivers/gpio/src/fsl_gpio_driver.o
                0x00006bd0                GPIO_DRV_TogglePinOutput
 .text.CLOCK_SYS_EnablePortClock
                0x00006c00       0x20 ./KSDK/boards/frdmk64f120m/hardware_init.o
 .text.hardware_init
                0x00006c20       0x70 ./KSDK/boards/frdmk64f120m/hardware_init.o
                0x00006c20                hardware_init
 .text.PORT_HAL_SetPullMode
                0x00006c90       0x44 ./KSDK/boards/frdmk64f120m/pin_mux.o
 .text.PORT_HAL_SetPullCmd
                0x00006cd4       0x48 ./KSDK/boards/frdmk64f120m/pin_mux.o
 .text.PORT_HAL_SetSlewRateMode
                0x00006d1c       0x48 ./KSDK/boards/frdmk64f120m/pin_mux.o
 .text.PORT_HAL_SetPassiveFilterCmd
                0x00006d64       0x48 ./KSDK/boards/frdmk64f120m/pin_mux.o
 .text.PORT_HAL_SetOpenDrainCmd
                0x00006dac       0x48 ./KSDK/boards/frdmk64f120m/pin_mux.o
 .text.PORT_HAL_SetDriveStrengthMode
                0x00006df4       0x48 ./KSDK/boards/frdmk64f120m/pin_mux.o
 .text.PORT_HAL_SetMuxMode
                0x00006e3c       0x54 ./KSDK/boards/frdmk64f120m/pin_mux.o
 .text.configure_adc_pins
                0x00006e90       0x1c ./KSDK/boards/frdmk64f120m/pin_mux.o
                0x00006e90                configure_adc_pins
 .text.configure_enet_pins
                0x00006eac       0xc4 ./KSDK/boards/frdmk64f120m/pin_mux.o
                0x00006eac                configure_enet_pins
 .text.configure_gpio_pins
                0x00006f70      0x184 ./KSDK/boards/frdmk64f120m/pin_mux.o
                0x00006f70                configure_gpio_pins
 .text.configure_i2c_pins
                0x000070f4       0x78 ./KSDK/boards/frdmk64f120m/pin_mux.o
                0x000070f4                configure_i2c_pins
 .text.configure_sdhc_pins
                0x0000716c      0x104 ./KSDK/boards/frdmk64f120m/pin_mux.o
                0x0000716c                configure_sdhc_pins
 .text.configure_spi_pins
                0x00007270       0x74 ./KSDK/boards/frdmk64f120m/pin_mux.o
                0x00007270                configure_spi_pins
 .text.configure_uart_pins
                0x000072e4       0x50 ./KSDK/boards/frdmk64f120m/pin_mux.o
                0x000072e4                configure_uart_pins
 .text.configure_ftm_pins
                0x00007334       0x30 ./KSDK/boards/frdmk64f120m/pin_mux.o
                0x00007334                configure_ftm_pins
 .text.init_data_bss
                0x00007364       0xb8 ./BSP/KSDK/startup.o
                0x00007364                init_data_bss
 .text.BSP_Ser_Init
                0x0000741c       0x70 ./BSP/bsp_ser.o
                0x0000741c                BSP_Ser_Init
 .text.BSP_Ser_ISR_Handler
                0x0000748c       0x1c ./BSP/bsp_ser.o
 .text.RxCallBackFnct
                0x000074a8       0x18 ./BSP/bsp_ser.o
 .text.CPU_TS_TmrInit
                0x000074c0       0x48 ./BSP/cpu_bsp.o
                0x000074c0                CPU_TS_TmrInit
 .text.CPU_TS_TmrRd
                0x00007508       0x20 ./BSP/cpu_bsp.o
                0x00007508                CPU_TS_TmrRd
 .text.StepFunction
                0x00007528       0x80 ./APP/app.o
                0x00007528                StepFunction
 .text.main     0x000075a8       0x80 ./APP/app.o
                0x000075a8                main
 .text.AppStartupTask
                0x00007628       0xa0 ./APP/app.o
 .text.setup_adc0
                0x000076c8       0x44 ./APP/app.o
 *fill*         0x0000770c        0x4 
 .text.feedback_control_step
                0x00007710       0x88 ./APP/feedback_control.o
                0x00007710                feedback_control_step
 .text.feedback_control_initialize
                0x00007798       0x38 ./APP/feedback_control.o
                0x00007798                feedback_control_initialize
 .text.__assert_func
                0x000077d0       0x38 c:/freescale/kds_v3/toolchain/bin/../lib/gcc/arm-none-eabi/4.8.4/../../../../arm-none-eabi/lib/armv7e-m/fpu\libg_s.a(lib_a-assert.o)
                0x000077d0                __assert_func
 .text.exit     0x00007808       0x28 c:/freescale/kds_v3/toolchain/bin/../lib/gcc/arm-none-eabi/4.8.4/../../../../arm-none-eabi/lib/armv7e-m/fpu\libg_s.a(lib_a-exit.o)
                0x00007808                exit
 .text.fprintf  0x00007830       0x24 c:/freescale/kds_v3/toolchain/bin/../lib/gcc/arm-none-eabi/4.8.4/../../../../arm-none-eabi/lib/armv7e-m/fpu\libg_s.a(lib_a-fprintf.o)
                0x00007830                fiprintf
                0x00007830                fprintf
 .text.__libc_init_array
                0x00007854       0x4c c:/freescale/kds_v3/toolchain/bin/../lib/gcc/arm-none-eabi/4.8.4/../../../../arm-none-eabi/lib/armv7e-m/fpu\libg_s.a(lib_a-init.o)
                0x00007854                __libc_init_array
 .text.memset   0x000078a0       0x10 c:/freescale/kds_v3/toolchain/bin/../lib/gcc/arm-none-eabi/4.8.4/../../../../arm-none-eabi/lib/armv7e-m/fpu\libg_s.a(lib_a-memset.o)
                0x000078a0                memset
 .text._free_r  0x000078b0       0x88 c:/freescale/kds_v3/toolchain/bin/../lib/gcc/arm-none-eabi/4.8.4/../../../../arm-none-eabi/lib/armv7e-m/fpu\libg_s.a(lib_a-nano-freer.o)
                0x000078b0                _free_r
 .text._malloc_r
                0x00007938       0xa8 c:/freescale/kds_v3/toolchain/bin/../lib/gcc/arm-none-eabi/4.8.4/../../../../arm-none-eabi/lib/armv7e-m/fpu\libg_s.a(lib_a-nano-mallocr.o)
                0x00007938                _malloc_r
 .text._sbrk_r  0x000079e0       0x20 c:/freescale/kds_v3/toolchain/bin/../lib/gcc/arm-none-eabi/4.8.4/../../../../arm-none-eabi/lib/armv7e-m/fpu\libg_s.a(lib_a-sbrkr.o)
                0x000079e0                _sbrk_r
 .text.__sfputc_r
                0x00007a00       0x2c c:/freescale/kds_v3/toolchain/bin/../lib/gcc/arm-none-eabi/4.8.4/../../../../arm-none-eabi/lib/armv7e-m/fpu\libg_s.a(lib_a-vfprintf.o)
 .text.__sfputs_r
                0x00007a2c       0x24 c:/freescale/kds_v3/toolchain/bin/../lib/gcc/arm-none-eabi/4.8.4/../../../../arm-none-eabi/lib/armv7e-m/fpu\libg_s.a(lib_a-vfprintf.o)
                0x00007a2c                __sfputs_r
 .text._vfprintf_r
                0x00007a50      0x208 c:/freescale/kds_v3/toolchain/bin/../lib/gcc/arm-none-eabi/4.8.4/../../../../arm-none-eabi/lib/armv7e-m/fpu\libg_s.a(lib_a-vfprintf.o)
                0x00007a50                _vfprintf_r
                0x00007a50                _vfiprintf_r
 .text._printf_common
                0x00007c58       0xe4 c:/freescale/kds_v3/toolchain/bin/../lib/gcc/arm-none-eabi/4.8.4/../../../../arm-none-eabi/lib/armv7e-m/fpu\libg_s.a(lib_a-vfprintf_i.o)
                0x00007c58                _printf_common
 .text._printf_i
                0x00007d3c      0x228 c:/freescale/kds_v3/toolchain/bin/../lib/gcc/arm-none-eabi/4.8.4/../../../../arm-none-eabi/lib/armv7e-m/fpu\libg_s.a(lib_a-vfprintf_i.o)
                0x00007d3c                _printf_i
 .text.__swbuf_r
                0x00007f64       0xa8 c:/freescale/kds_v3/toolchain/bin/../lib/gcc/arm-none-eabi/4.8.4/../../../../arm-none-eabi/lib/armv7e-m/fpu\libg_s.a(lib_a-wbuf.o)
                0x00007f64                __swbuf_r
 .text.__swsetup_r
                0x0000800c       0xdc c:/freescale/kds_v3/toolchain/bin/../lib/gcc/arm-none-eabi/4.8.4/../../../../arm-none-eabi/lib/armv7e-m/fpu\libg_s.a(lib_a-wsetup.o)
                0x0000800c                __swsetup_r
 .text.abort    0x000080e8        0xe c:/freescale/kds_v3/toolchain/bin/../lib/gcc/arm-none-eabi/4.8.4/../../../../arm-none-eabi/lib/armv7e-m/fpu\libg_s.a(lib_a-abort.o)
                0x000080e8                abort
 .text.__sflush_r
                0x000080f6      0x106 c:/freescale/kds_v3/toolchain/bin/../lib/gcc/arm-none-eabi/4.8.4/../../../../arm-none-eabi/lib/armv7e-m/fpu\libg_s.a(lib_a-fflush.o)
                0x000080f6                __sflush_r
 .text._fflush_r
                0x000081fc       0x54 c:/freescale/kds_v3/toolchain/bin/../lib/gcc/arm-none-eabi/4.8.4/../../../../arm-none-eabi/lib/armv7e-m/fpu\libg_s.a(lib_a-fflush.o)
                0x000081fc                _fflush_r
 .text._cleanup_r
                0x00008250       0x32 c:/freescale/kds_v3/toolchain/bin/../lib/gcc/arm-none-eabi/4.8.4/../../../../arm-none-eabi/lib/armv7e-m/fpu\libg_s.a(lib_a-findfp.o)
                0x00008250                _cleanup_r
 *fill*         0x00008282        0x2 
 .text.std.isra.0
                0x00008284       0x48 c:/freescale/kds_v3/toolchain/bin/../lib/gcc/arm-none-eabi/4.8.4/../../../../arm-none-eabi/lib/armv7e-m/fpu\libg_s.a(lib_a-findfp.o)
 .text.__sfmoreglue
                0x000082cc       0x2c c:/freescale/kds_v3/toolchain/bin/../lib/gcc/arm-none-eabi/4.8.4/../../../../arm-none-eabi/lib/armv7e-m/fpu\libg_s.a(lib_a-findfp.o)
                0x000082cc                __sfmoreglue
 .text.__sinit  0x000082f8       0x60 c:/freescale/kds_v3/toolchain/bin/../lib/gcc/arm-none-eabi/4.8.4/../../../../arm-none-eabi/lib/armv7e-m/fpu\libg_s.a(lib_a-findfp.o)
                0x000082f8                __sinit
 .text.__sfp    0x00008358       0x74 c:/freescale/kds_v3/toolchain/bin/../lib/gcc/arm-none-eabi/4.8.4/../../../../arm-none-eabi/lib/armv7e-m/fpu\libg_s.a(lib_a-findfp.o)
                0x00008358                __sfp
 .text.__smakebuf_r
                0x000083cc       0x9c c:/freescale/kds_v3/toolchain/bin/../lib/gcc/arm-none-eabi/4.8.4/../../../../arm-none-eabi/lib/armv7e-m/fpu\libg_s.a(lib_a-makebuf.o)
                0x000083cc                __smakebuf_r
 .text.memchr   0x00008468       0x1e c:/freescale/kds_v3/toolchain/bin/../lib/gcc/arm-none-eabi/4.8.4/../../../../arm-none-eabi/lib/armv7e-m/fpu\libg_s.a(lib_a-memchr-stub.o)
                0x00008468                memchr
 .text._raise_r
                0x00008486       0x50 c:/freescale/kds_v3/toolchain/bin/../lib/gcc/arm-none-eabi/4.8.4/../../../../arm-none-eabi/lib/armv7e-m/fpu\libg_s.a(lib_a-signal.o)
                0x00008486                _raise_r
 *fill*         0x000084d6        0x2 
 .text.raise    0x000084d8       0x10 c:/freescale/kds_v3/toolchain/bin/../lib/gcc/arm-none-eabi/4.8.4/../../../../arm-none-eabi/lib/armv7e-m/fpu\libg_s.a(lib_a-signal.o)
                0x000084d8                raise
 .text._kill_r  0x000084e8       0x24 c:/freescale/kds_v3/toolchain/bin/../lib/gcc/arm-none-eabi/4.8.4/../../../../arm-none-eabi/lib/armv7e-m/fpu\libg_s.a(lib_a-signalr.o)
                0x000084e8                _kill_r
 .text._getpid_r
                0x0000850c        0x4 c:/freescale/kds_v3/toolchain/bin/../lib/gcc/arm-none-eabi/4.8.4/../../../../arm-none-eabi/lib/armv7e-m/fpu\libg_s.a(lib_a-signalr.o)
                0x0000850c                _getpid_r
 .text.__sread  0x00008510       0x22 c:/freescale/kds_v3/toolchain/bin/../lib/gcc/arm-none-eabi/4.8.4/../../../../arm-none-eabi/lib/armv7e-m/fpu\libg_s.a(lib_a-stdio.o)
                0x00008510                __sread
 .text.__swrite
                0x00008532       0x38 c:/freescale/kds_v3/toolchain/bin/../lib/gcc/arm-none-eabi/4.8.4/../../../../arm-none-eabi/lib/armv7e-m/fpu\libg_s.a(lib_a-stdio.o)
                0x00008532                __swrite
 .text.__sseek  0x0000856a       0x24 c:/freescale/kds_v3/toolchain/bin/../lib/gcc/arm-none-eabi/4.8.4/../../../../arm-none-eabi/lib/armv7e-m/fpu\libg_s.a(lib_a-stdio.o)
                0x0000856a                __sseek
 .text.__sclose
                0x0000858e        0x8 c:/freescale/kds_v3/toolchain/bin/../lib/gcc/arm-none-eabi/4.8.4/../../../../arm-none-eabi/lib/armv7e-m/fpu\libg_s.a(lib_a-stdio.o)
                0x0000858e                __sclose
 .text.strlen   0x00008596       0x10 c:/freescale/kds_v3/toolchain/bin/../lib/gcc/arm-none-eabi/4.8.4/../../../../arm-none-eabi/lib/armv7e-m/fpu\libg_s.a(lib_a-strlen.o)
                0x00008596                strlen
 *fill*         0x000085a6        0x2 
 .text._write_r
                0x000085a8       0x24 c:/freescale/kds_v3/toolchain/bin/../lib/gcc/arm-none-eabi/4.8.4/../../../../arm-none-eabi/lib/armv7e-m/fpu\libg_s.a(lib_a-writer.o)
                0x000085a8                _write_r
 .text._close_r
                0x000085cc       0x20 c:/freescale/kds_v3/toolchain/bin/../lib/gcc/arm-none-eabi/4.8.4/../../../../arm-none-eabi/lib/armv7e-m/fpu\libg_s.a(lib_a-closer.o)
                0x000085cc                _close_r
 .text._fstat_r
                0x000085ec       0x24 c:/freescale/kds_v3/toolchain/bin/../lib/gcc/arm-none-eabi/4.8.4/../../../../arm-none-eabi/lib/armv7e-m/fpu\libg_s.a(lib_a-fstatr.o)
                0x000085ec                _fstat_r
 .text._isatty_r
                0x00008610       0x20 c:/freescale/kds_v3/toolchain/bin/../lib/gcc/arm-none-eabi/4.8.4/../../../../arm-none-eabi/lib/armv7e-m/fpu\libg_s.a(lib_a-isattyr.o)
                0x00008610                _isatty_r
 .text._lseek_r
                0x00008630       0x24 c:/freescale/kds_v3/toolchain/bin/../lib/gcc/arm-none-eabi/4.8.4/../../../../arm-none-eabi/lib/armv7e-m/fpu\libg_s.a(lib_a-lseekr.o)
                0x00008630                _lseek_r
 .text._read_r  0x00008654       0x24 c:/freescale/kds_v3/toolchain/bin/../lib/gcc/arm-none-eabi/4.8.4/../../../../arm-none-eabi/lib/armv7e-m/fpu\libg_s.a(lib_a-readr.o)
                0x00008654                _read_r
 .text._close   0x00008678       0x10 c:/freescale/kds_v3/toolchain/bin/../lib/gcc/arm-none-eabi/4.8.4/../../../../arm-none-eabi/lib/armv7e-m/fpu\libnosys.a(close.o)
                0x00008678                _close
 .text._fstat   0x00008688       0x10 c:/freescale/kds_v3/toolchain/bin/../lib/gcc/arm-none-eabi/4.8.4/../../../../arm-none-eabi/lib/armv7e-m/fpu\libnosys.a(fstat.o)
                0x00008688                _fstat
 .text._getpid  0x00008698       0x10 c:/freescale/kds_v3/toolchain/bin/../lib/gcc/arm-none-eabi/4.8.4/../../../../arm-none-eabi/lib/armv7e-m/fpu\libnosys.a(getpid.o)
                0x00008698                _getpid
 .text._isatty  0x000086a8       0x10 c:/freescale/kds_v3/toolchain/bin/../lib/gcc/arm-none-eabi/4.8.4/../../../../arm-none-eabi/lib/armv7e-m/fpu\libnosys.a(isatty.o)
                0x000086a8                _isatty
 .text._kill    0x000086b8       0x10 c:/freescale/kds_v3/toolchain/bin/../lib/gcc/arm-none-eabi/4.8.4/../../../../arm-none-eabi/lib/armv7e-m/fpu\libnosys.a(kill.o)
                0x000086b8                _kill
 .text._lseek   0x000086c8       0x10 c:/freescale/kds_v3/toolchain/bin/../lib/gcc/arm-none-eabi/4.8.4/../../../../arm-none-eabi/lib/armv7e-m/fpu\libnosys.a(lseek.o)
                0x000086c8                _lseek
 .text._read    0x000086d8       0x10 c:/freescale/kds_v3/toolchain/bin/../lib/gcc/arm-none-eabi/4.8.4/../../../../arm-none-eabi/lib/armv7e-m/fpu\libnosys.a(read.o)
                0x000086d8                _read
 .text._sbrk    0x000086e8       0x34 c:/freescale/kds_v3/toolchain/bin/../lib/gcc/arm-none-eabi/4.8.4/../../../../arm-none-eabi/lib/armv7e-m/fpu\libnosys.a(sbrk.o)
                0x000086e8                _sbrk
 .text._write   0x0000871c       0x10 c:/freescale/kds_v3/toolchain/bin/../lib/gcc/arm-none-eabi/4.8.4/../../../../arm-none-eabi/lib/armv7e-m/fpu\libnosys.a(write.o)
                0x0000871c                _write
 .text._exit    0x0000872c        0x4 c:/freescale/kds_v3/toolchain/bin/../lib/gcc/arm-none-eabi/4.8.4/../../../../arm-none-eabi/lib/armv7e-m/fpu\libnosys.a(_exit.o)
                0x0000872c                _exit
 *(.rodata)
 .rodata        0x00008730       0x2c ./uCOS-III/Source/os_core.o
 .rodata        0x0000875c        0xc ./uCOS-III/Source/os_mutex.o
 .rodata        0x00008768        0xc ./uCOS-III/Source/os_sem.o
 .rodata        0x00008774       0x14 ./uCOS-III/Source/os_stat.o
 .rodata        0x00008788        0xc ./uCOS-III/Source/os_task.o
 .rodata        0x00008794       0x14 ./uCOS-III/Source/os_tick.o
 .rodata        0x000087a8       0x30 ./uCOS-III/Source/os_tmr.o
 .rodata        0x000087d8       0x40 ./uC-LIB/lib_mem.o
 .rodata        0x00008818       0xd8 ./KSDK/platform/system/interrupt/src/fsl_interrupt_manager.o
 .rodata        0x000088f0       0x28 ./KSDK/platform/osa/src/fsl_os_abstraction_ucosiii.o
 .rodata        0x00008918      0x14c ./KSDK/platform/hal/sim/fsl_sim_hal.o
 .rodata        0x00008a64       0x74 ./KSDK/platform/hal/gpio/fsl_gpio_hal.o
 .rodata        0x00008ad8      0x180 ./KSDK/platform/drivers/uart/src/fsl_uart_driver.o
 .rodata        0x00008c58      0x1a0 ./KSDK/platform/drivers/gpio/src/fsl_gpio_driver.o
 .rodata        0x00008df8       0x74 ./KSDK/boards/frdmk64f120m/pin_mux.o
 .rodata        0x00008e6c       0x34 ./APP/app.o
 *(.rodata*)
 .rodata.OSCfg_IdleTaskStkBasePtr
                0x00008ea0        0x4 ./uCOS-III/Source/os_cfg_app.o
                0x00008ea0                OSCfg_IdleTaskStkBasePtr
 .rodata.OSCfg_IdleTaskStkLimit
                0x00008ea4        0x4 ./uCOS-III/Source/os_cfg_app.o
                0x00008ea4                OSCfg_IdleTaskStkLimit
 .rodata.OSCfg_IdleTaskStkSize
                0x00008ea8        0x4 ./uCOS-III/Source/os_cfg_app.o
                0x00008ea8                OSCfg_IdleTaskStkSize
 .rodata.OSCfg_ISRStkBasePtr
                0x00008eac        0x4 ./uCOS-III/Source/os_cfg_app.o
                0x00008eac                OSCfg_ISRStkBasePtr
 .rodata.OSCfg_ISRStkSize
                0x00008eb0        0x4 ./uCOS-III/Source/os_cfg_app.o
                0x00008eb0                OSCfg_ISRStkSize
 .rodata.OSCfg_MsgPoolSize
                0x00008eb4        0x2 ./uCOS-III/Source/os_cfg_app.o
                0x00008eb4                OSCfg_MsgPoolSize
 *fill*         0x00008eb6        0x2 
 .rodata.OSCfg_MsgPoolBasePtr
                0x00008eb8        0x4 ./uCOS-III/Source/os_cfg_app.o
                0x00008eb8                OSCfg_MsgPoolBasePtr
 .rodata.OSCfg_StatTaskPrio
                0x00008ebc        0x1 ./uCOS-III/Source/os_cfg_app.o
                0x00008ebc                OSCfg_StatTaskPrio
 *fill*         0x00008ebd        0x3 
 .rodata.OSCfg_StatTaskRate_Hz
                0x00008ec0        0x4 ./uCOS-III/Source/os_cfg_app.o
                0x00008ec0                OSCfg_StatTaskRate_Hz
 .rodata.OSCfg_StatTaskStkBasePtr
                0x00008ec4        0x4 ./uCOS-III/Source/os_cfg_app.o
                0x00008ec4                OSCfg_StatTaskStkBasePtr
 .rodata.OSCfg_StatTaskStkLimit
                0x00008ec8        0x4 ./uCOS-III/Source/os_cfg_app.o
                0x00008ec8                OSCfg_StatTaskStkLimit
 .rodata.OSCfg_StatTaskStkSize
                0x00008ecc        0x4 ./uCOS-III/Source/os_cfg_app.o
                0x00008ecc                OSCfg_StatTaskStkSize
 .rodata.OSCfg_StkSizeMin
                0x00008ed0        0x4 ./uCOS-III/Source/os_cfg_app.o
                0x00008ed0                OSCfg_StkSizeMin
 .rodata.OSCfg_TickRate_Hz
                0x00008ed4        0x4 ./uCOS-III/Source/os_cfg_app.o
                0x00008ed4                OSCfg_TickRate_Hz
 .rodata.OSCfg_TickTaskPrio
                0x00008ed8        0x1 ./uCOS-III/Source/os_cfg_app.o
                0x00008ed8                OSCfg_TickTaskPrio
 *fill*         0x00008ed9        0x3 
 .rodata.OSCfg_TickTaskStkBasePtr
                0x00008edc        0x4 ./uCOS-III/Source/os_cfg_app.o
                0x00008edc                OSCfg_TickTaskStkBasePtr
 .rodata.OSCfg_TickTaskStkLimit
                0x00008ee0        0x4 ./uCOS-III/Source/os_cfg_app.o
                0x00008ee0                OSCfg_TickTaskStkLimit
 .rodata.OSCfg_TickTaskStkSize
                0x00008ee4        0x4 ./uCOS-III/Source/os_cfg_app.o
                0x00008ee4                OSCfg_TickTaskStkSize
 .rodata.OSCfg_TmrTaskPrio
                0x00008ee8        0x1 ./uCOS-III/Source/os_cfg_app.o
                0x00008ee8                OSCfg_TmrTaskPrio
 *fill*         0x00008ee9        0x3 
 .rodata.OSCfg_TmrTaskRate_Hz
                0x00008eec        0x4 ./uCOS-III/Source/os_cfg_app.o
                0x00008eec                OSCfg_TmrTaskRate_Hz
 .rodata.OSCfg_TmrTaskStkBasePtr
                0x00008ef0        0x4 ./uCOS-III/Source/os_cfg_app.o
                0x00008ef0                OSCfg_TmrTaskStkBasePtr
 .rodata.OSCfg_TmrTaskStkLimit
                0x00008ef4        0x4 ./uCOS-III/Source/os_cfg_app.o
                0x00008ef4                OSCfg_TmrTaskStkLimit
 .rodata.OSCfg_TmrTaskStkSize
                0x00008ef8        0x4 ./uCOS-III/Source/os_cfg_app.o
                0x00008ef8                OSCfg_TmrTaskStkSize
 .rodata.OSDbg_DbgEn
                0x00008efc        0x1 ./uCOS-III/Source/os_dbg.o
                0x00008efc                OSDbg_DbgEn
 .rodata.OSDbg_ArgChkEn
                0x00008efd        0x1 ./uCOS-III/Source/os_dbg.o
                0x00008efd                OSDbg_ArgChkEn
 .rodata.OSDbg_AppHooksEn
                0x00008efe        0x1 ./uCOS-III/Source/os_dbg.o
                0x00008efe                OSDbg_AppHooksEn
 *fill*         0x00008eff        0x1 
 .rodata.OSDbg_EndiannessTest
                0x00008f00        0x4 ./uCOS-III/Source/os_dbg.o
                0x00008f00                OSDbg_EndiannessTest
 .rodata.OSDbg_CalledFromISRChkEn
                0x00008f04        0x1 ./uCOS-III/Source/os_dbg.o
                0x00008f04                OSDbg_CalledFromISRChkEn
 .rodata.OSDbg_FlagEn
                0x00008f05        0x1 ./uCOS-III/Source/os_dbg.o
                0x00008f05                OSDbg_FlagEn
 *fill*         0x00008f06        0x2 
 .rodata.OSDbg_FlagGrp
                0x00008f08       0x28 ./uCOS-III/Source/os_dbg.o
                0x00008f08                OSDbg_FlagGrp
 .rodata.OSDbg_FlagDelEn
                0x00008f30        0x1 ./uCOS-III/Source/os_dbg.o
                0x00008f30                OSDbg_FlagDelEn
 .rodata.OSDbg_FlagModeClrEn
                0x00008f31        0x1 ./uCOS-III/Source/os_dbg.o
                0x00008f31                OSDbg_FlagModeClrEn
 .rodata.OSDbg_FlagPendAbortEn
                0x00008f32        0x1 ./uCOS-III/Source/os_dbg.o
                0x00008f32                OSDbg_FlagPendAbortEn
 *fill*         0x00008f33        0x1 
 .rodata.OSDbg_FlagGrpSize
                0x00008f34        0x2 ./uCOS-III/Source/os_dbg.o
                0x00008f34                OSDbg_FlagGrpSize
 .rodata.OSDbg_FlagWidth
                0x00008f36        0x2 ./uCOS-III/Source/os_dbg.o
                0x00008f36                OSDbg_FlagWidth
 .rodata.OSDbg_ISRPostDeferredEn
                0x00008f38        0x1 ./uCOS-III/Source/os_dbg.o
                0x00008f38                OSDbg_ISRPostDeferredEn
 *fill*         0x00008f39        0x3 
 .rodata.OSDbg_Mem
                0x00008f3c       0x20 ./uCOS-III/Source/os_dbg.o
                0x00008f3c                OSDbg_Mem
 .rodata.OSDbg_MemEn
                0x00008f5c        0x1 ./uCOS-III/Source/os_dbg.o
                0x00008f5c                OSDbg_MemEn
 *fill*         0x00008f5d        0x1 
 .rodata.OSDbg_MemSize
                0x00008f5e        0x2 ./uCOS-III/Source/os_dbg.o
                0x00008f5e                OSDbg_MemSize
 .rodata.OSDbg_MsgEn
                0x00008f60        0x1 ./uCOS-III/Source/os_dbg.o
                0x00008f60                OSDbg_MsgEn
 *fill*         0x00008f61        0x1 
 .rodata.OSDbg_MsgSize
                0x00008f62        0x2 ./uCOS-III/Source/os_dbg.o
                0x00008f62                OSDbg_MsgSize
 .rodata.OSDbg_MsgPoolSize
                0x00008f64        0x2 ./uCOS-III/Source/os_dbg.o
                0x00008f64                OSDbg_MsgPoolSize
 .rodata.OSDbg_MsgQSize
                0x00008f66        0x2 ./uCOS-III/Source/os_dbg.o
                0x00008f66                OSDbg_MsgQSize
 .rodata.OSDbg_Mutex
                0x00008f68       0x30 ./uCOS-III/Source/os_dbg.o
                0x00008f68                OSDbg_Mutex
 .rodata.OSDbg_MutexEn
                0x00008f98        0x1 ./uCOS-III/Source/os_dbg.o
                0x00008f98                OSDbg_MutexEn
 .rodata.OSDbg_MutexDelEn
                0x00008f99        0x1 ./uCOS-III/Source/os_dbg.o
                0x00008f99                OSDbg_MutexDelEn
 .rodata.OSDbg_MutexPendAbortEn
                0x00008f9a        0x1 ./uCOS-III/Source/os_dbg.o
                0x00008f9a                OSDbg_MutexPendAbortEn
 *fill*         0x00008f9b        0x1 
 .rodata.OSDbg_MutexSize
                0x00008f9c        0x2 ./uCOS-III/Source/os_dbg.o
                0x00008f9c                OSDbg_MutexSize
 .rodata.OSDbg_ObjTypeChkEn
                0x00008f9e        0x1 ./uCOS-III/Source/os_dbg.o
                0x00008f9e                OSDbg_ObjTypeChkEn
 .rodata.OSDbg_PendMultiEn
                0x00008f9f        0x1 ./uCOS-III/Source/os_dbg.o
                0x00008f9f                OSDbg_PendMultiEn
 .rodata.OSDbg_PendDataSize
                0x00008fa0        0x2 ./uCOS-III/Source/os_dbg.o
                0x00008fa0                OSDbg_PendDataSize
 .rodata.OSDbg_PendListSize
                0x00008fa2        0x2 ./uCOS-III/Source/os_dbg.o
                0x00008fa2                OSDbg_PendListSize
 .rodata.OSDbg_PendObjSize
                0x00008fa4        0x2 ./uCOS-III/Source/os_dbg.o
                0x00008fa4                OSDbg_PendObjSize
 .rodata.OSDbg_PrioMax
                0x00008fa6        0x2 ./uCOS-III/Source/os_dbg.o
                0x00008fa6                OSDbg_PrioMax
 .rodata.OSDbg_PrioTblSize
                0x00008fa8        0x2 ./uCOS-III/Source/os_dbg.o
                0x00008fa8                OSDbg_PrioTblSize
 .rodata.OSDbg_PtrSize
                0x00008faa        0x2 ./uCOS-III/Source/os_dbg.o
                0x00008faa                OSDbg_PtrSize
 .rodata.OSDbg_Q
                0x00008fac       0x30 ./uCOS-III/Source/os_dbg.o
                0x00008fac                OSDbg_Q
 .rodata.OSDbg_QEn
                0x00008fdc        0x1 ./uCOS-III/Source/os_dbg.o
                0x00008fdc                OSDbg_QEn
 .rodata.OSDbg_QDelEn
                0x00008fdd        0x1 ./uCOS-III/Source/os_dbg.o
                0x00008fdd                OSDbg_QDelEn
 .rodata.OSDbg_QFlushEn
                0x00008fde        0x1 ./uCOS-III/Source/os_dbg.o
                0x00008fde                OSDbg_QFlushEn
 .rodata.OSDbg_QPendAbortEn
                0x00008fdf        0x1 ./uCOS-III/Source/os_dbg.o
                0x00008fdf                OSDbg_QPendAbortEn
 .rodata.OSDbg_QSize
                0x00008fe0        0x2 ./uCOS-III/Source/os_dbg.o
                0x00008fe0                OSDbg_QSize
 .rodata.OSDbg_SchedRoundRobinEn
                0x00008fe2        0x1 ./uCOS-III/Source/os_dbg.o
                0x00008fe2                OSDbg_SchedRoundRobinEn
 *fill*         0x00008fe3        0x1 
 .rodata.OSDbg_Sem
                0x00008fe4       0x28 ./uCOS-III/Source/os_dbg.o
                0x00008fe4                OSDbg_Sem
 .rodata.OSDbg_SemEn
                0x0000900c        0x1 ./uCOS-III/Source/os_dbg.o
                0x0000900c                OSDbg_SemEn
 .rodata.OSDbg_SemDelEn
                0x0000900d        0x1 ./uCOS-III/Source/os_dbg.o
                0x0000900d                OSDbg_SemDelEn
 .rodata.OSDbg_SemPendAbortEn
                0x0000900e        0x1 ./uCOS-III/Source/os_dbg.o
                0x0000900e                OSDbg_SemPendAbortEn
 .rodata.OSDbg_SemSetEn
                0x0000900f        0x1 ./uCOS-III/Source/os_dbg.o
                0x0000900f                OSDbg_SemSetEn
 .rodata.OSDbg_SemSize
                0x00009010        0x2 ./uCOS-III/Source/os_dbg.o
                0x00009010                OSDbg_SemSize
 .rodata.OSDbg_RdyList
                0x00009012        0x2 ./uCOS-III/Source/os_dbg.o
                0x00009012                OSDbg_RdyList
 .rodata.OSDbg_RdyListSize
                0x00009014        0x4 ./uCOS-III/Source/os_dbg.o
                0x00009014                OSDbg_RdyListSize
 .rodata.OSDbg_StkWidth
                0x00009018        0x1 ./uCOS-III/Source/os_dbg.o
                0x00009018                OSDbg_StkWidth
 .rodata.OSDbg_StatTaskEn
                0x00009019        0x1 ./uCOS-III/Source/os_dbg.o
                0x00009019                OSDbg_StatTaskEn
 .rodata.OSDbg_StatTaskStkChkEn
                0x0000901a        0x1 ./uCOS-III/Source/os_dbg.o
                0x0000901a                OSDbg_StatTaskStkChkEn
 .rodata.OSDbg_TaskChangePrioEn
                0x0000901b        0x1 ./uCOS-III/Source/os_dbg.o
                0x0000901b                OSDbg_TaskChangePrioEn
 .rodata.OSDbg_TaskDelEn
                0x0000901c        0x1 ./uCOS-III/Source/os_dbg.o
                0x0000901c                OSDbg_TaskDelEn
 .rodata.OSDbg_TaskQEn
                0x0000901d        0x1 ./uCOS-III/Source/os_dbg.o
                0x0000901d                OSDbg_TaskQEn
 .rodata.OSDbg_TaskQPendAbortEn
                0x0000901e        0x1 ./uCOS-III/Source/os_dbg.o
                0x0000901e                OSDbg_TaskQPendAbortEn
 .rodata.OSDbg_TaskProfileEn
                0x0000901f        0x1 ./uCOS-III/Source/os_dbg.o
                0x0000901f                OSDbg_TaskProfileEn
 .rodata.OSDbg_TaskRegTblSize
                0x00009020        0x2 ./uCOS-III/Source/os_dbg.o
                0x00009020                OSDbg_TaskRegTblSize
 .rodata.OSDbg_TaskSemPendAbortEn
                0x00009022        0x1 ./uCOS-III/Source/os_dbg.o
                0x00009022                OSDbg_TaskSemPendAbortEn
 .rodata.OSDbg_TaskSuspendEn
                0x00009023        0x1 ./uCOS-III/Source/os_dbg.o
                0x00009023                OSDbg_TaskSuspendEn
 .rodata.OSDbg_TCBSize
                0x00009024        0x2 ./uCOS-III/Source/os_dbg.o
                0x00009024                OSDbg_TCBSize
 .rodata.OSDbg_TickListSize
                0x00009026        0x2 ./uCOS-III/Source/os_dbg.o
                0x00009026                OSDbg_TickListSize
 .rodata.OSDbg_TimeDlyHMSMEn
                0x00009028        0x1 ./uCOS-III/Source/os_dbg.o
                0x00009028                OSDbg_TimeDlyHMSMEn
 .rodata.OSDbg_TimeDlyResumeEn
                0x00009029        0x1 ./uCOS-III/Source/os_dbg.o
                0x00009029                OSDbg_TimeDlyResumeEn
 *fill*         0x0000902a        0x2 
 .rodata.OSDbg_Tmr
                0x0000902c       0x30 ./uCOS-III/Source/os_dbg.o
                0x0000902c                OSDbg_Tmr
 .rodata.OSDbg_TmrEn
                0x0000905c        0x1 ./uCOS-III/Source/os_dbg.o
                0x0000905c                OSDbg_TmrEn
 .rodata.OSDbg_TmrDelEn
                0x0000905d        0x1 ./uCOS-III/Source/os_dbg.o
                0x0000905d                OSDbg_TmrDelEn
 .rodata.OSDbg_TmrSize
                0x0000905e        0x2 ./uCOS-III/Source/os_dbg.o
                0x0000905e                OSDbg_TmrSize
 .rodata.OSDbg_VersionNbr
                0x00009060        0x2 ./uCOS-III/Source/os_dbg.o
                0x00009060                OSDbg_VersionNbr
 *fill*         0x00009062        0x2 
 .rodata.OSDbg_DataSize
                0x00009064        0x4 ./uCOS-III/Source/os_dbg.o
                0x00009064                OSDbg_DataSize
 .rodata.__func__.14565
                0x00009068       0x18 ./KSDK/platform/system/interrupt/src/fsl_interrupt_manager.o
 .rodata.g_simBaseAddr
                0x00009080        0x4 ./KSDK/platform/system/clock/fsl_clock_manager.o
                0x00009080                g_simBaseAddr
 .rodata.kClockNameConfigTable
                0x00009084       0x14 ./KSDK/platform/hal/sim/MK64F12/fsl_sim_hal_K64F12.o
                0x00009084                kClockNameConfigTable
 .rodata.__func__.15268
                0x00009098       0x18 ./KSDK/platform/hal/sim/fsl_sim_hal.o
 .rodata.__func__.14597
                0x000090b0       0x14 ./KSDK/platform/hal/gpio/fsl_gpio_hal.o
 .rodata.__func__.14603
                0x000090c4       0x18 ./KSDK/platform/hal/gpio/fsl_gpio_hal.o
 .rodata.__func__.18111
                0x000090dc       0x10 ./KSDK/platform/drivers/uart/src/fsl_uart_driver.o
 .rodata.__func__.18097
                0x000090ec       0x14 ./KSDK/platform/drivers/uart/src/fsl_uart_driver.o
 .rodata.__func__.18131
                0x00009100       0x1c ./KSDK/platform/drivers/uart/src/fsl_uart_driver.o
 .rodata.__func__.18137
                0x0000911c       0x1c ./KSDK/platform/drivers/uart/src/fsl_uart_driver.o
 .rodata.__func__.18155
                0x00009138       0x20 ./KSDK/platform/drivers/uart/src/fsl_uart_driver.o
 .rodata.g_uartBaseAddr
                0x00009158       0x18 ./KSDK/platform/drivers/uart/common/fsl_uart_common.o
                0x00009158                g_uartBaseAddr
 .rodata.__func__.14581
                0x00009170       0x14 ./KSDK/platform/drivers/gpio/src/fsl_gpio_driver.o
 .rodata.__func__.14575
                0x00009184       0x18 ./KSDK/platform/drivers/gpio/src/fsl_gpio_driver.o
 .rodata.__func__.14593
                0x0000919c       0x20 ./KSDK/platform/drivers/gpio/src/fsl_gpio_driver.o
 .rodata.__func__.14623
                0x000091bc       0x20 ./KSDK/platform/drivers/gpio/src/fsl_gpio_driver.o
 .rodata.__func__.14645
                0x000091dc       0x18 ./KSDK/platform/drivers/gpio/src/fsl_gpio_driver.o
 .rodata.__func__.16274
                0x000091f4       0x14 ./KSDK/platform/drivers/gpio/src/fsl_gpio_driver.o
 .rodata.__func__.14587
                0x00009208       0x1c ./KSDK/platform/drivers/gpio/src/fsl_gpio_driver.o
 .rodata.__func__.14605
                0x00009224       0x20 ./KSDK/platform/drivers/gpio/src/fsl_gpio_driver.o
 .rodata.__func__.14599
                0x00009244       0x1c ./KSDK/platform/drivers/gpio/src/fsl_gpio_driver.o
 .rodata.__func__.14709
                0x00009260       0x18 ./KSDK/platform/drivers/gpio/src/fsl_gpio_driver.o
 .rodata.__func__.14719
                0x00009278       0x1c ./KSDK/platform/drivers/gpio/src/fsl_gpio_driver.o
 .rodata.g_gpioBaseAddr
                0x00009294       0x14 ./KSDK/platform/drivers/gpio/common/fsl_gpio_common.o
                0x00009294                g_gpioBaseAddr
 .rodata.g_portBaseAddr
                0x000092a8       0x14 ./KSDK/platform/drivers/gpio/common/fsl_gpio_common.o
                0x000092a8                g_portBaseAddr
 .rodata.g_portIrqId
                0x000092bc        0x8 ./KSDK/platform/drivers/gpio/common/fsl_gpio_common.o
                0x000092bc                g_portIrqId
 .rodata.ledPins
                0x000092c4       0x3c ./KSDK/boards/frdmk64f120m/gpio_pins.o
                0x000092c4                ledPins
 .rodata.__func__.14611
                0x00009300       0x14 ./KSDK/boards/frdmk64f120m/pin_mux.o
 .rodata.__func__.14599
                0x00009314       0x1c ./KSDK/boards/frdmk64f120m/pin_mux.o
 .rodata.__func__.14575
                0x00009330       0x18 ./KSDK/boards/frdmk64f120m/pin_mux.o
 .rodata.__func__.14581
                0x00009348       0x14 ./KSDK/boards/frdmk64f120m/pin_mux.o
 .rodata.__func__.14593
                0x0000935c       0x20 ./KSDK/boards/frdmk64f120m/pin_mux.o
 .rodata.__func__.14605
                0x0000937c       0x20 ./KSDK/boards/frdmk64f120m/pin_mux.o
 .rodata.__func__.14587
                0x0000939c       0x1c ./KSDK/boards/frdmk64f120m/pin_mux.o
 .rodata.str1.1
                0x000093b8       0x3c c:/freescale/kds_v3/toolchain/bin/../lib/gcc/arm-none-eabi/4.8.4/../../../../arm-none-eabi/lib/armv7e-m/fpu\libg_s.a(lib_a-assert.o)
                                 0x3d (size before relaxing)
 .rodata.str1.1
                0x000093f4        0x2 c:/freescale/kds_v3/toolchain/bin/../lib/gcc/arm-none-eabi/4.8.4/../../../../arm-none-eabi/lib/armv7e-m/fpu\libg_s.a(lib_a-impure.o)
 *fill*         0x000093f6        0x2 
 .rodata._global_impure_ptr
                0x000093f8        0x4 c:/freescale/kds_v3/toolchain/bin/../lib/gcc/arm-none-eabi/4.8.4/../../../../arm-none-eabi/lib/armv7e-m/fpu\libg_s.a(lib_a-impure.o)
                0x000093f8                _global_impure_ptr
 .rodata.str1.1
                0x000093fc       0x11 c:/freescale/kds_v3/toolchain/bin/../lib/gcc/arm-none-eabi/4.8.4/../../../../arm-none-eabi/lib/armv7e-m/fpu\libg_s.a(lib_a-vfprintf.o)
 .rodata.str1.1
                0x0000940d       0x22 c:/freescale/kds_v3/toolchain/bin/../lib/gcc/arm-none-eabi/4.8.4/../../../../arm-none-eabi/lib/armv7e-m/fpu\libg_s.a(lib_a-vfprintf_i.o)
 *fill*         0x0000942f        0x1 
 .rodata.__sf_fake_stdin
                0x00009430       0x20 c:/freescale/kds_v3/toolchain/bin/../lib/gcc/arm-none-eabi/4.8.4/../../../../arm-none-eabi/lib/armv7e-m/fpu\libg_s.a(lib_a-findfp.o)
                0x00009430                __sf_fake_stdin
 .rodata.__sf_fake_stdout
                0x00009450       0x20 c:/freescale/kds_v3/toolchain/bin/../lib/gcc/arm-none-eabi/4.8.4/../../../../arm-none-eabi/lib/armv7e-m/fpu\libg_s.a(lib_a-findfp.o)
                0x00009450                __sf_fake_stdout
 .rodata.__sf_fake_stderr
                0x00009470       0x20 c:/freescale/kds_v3/toolchain/bin/../lib/gcc/arm-none-eabi/4.8.4/../../../../arm-none-eabi/lib/armv7e-m/fpu\libg_s.a(lib_a-findfp.o)
                0x00009470                __sf_fake_stderr
 *(.glue_7)
 .glue_7        0x00000000        0x0 linker stubs
 *(.glue_7t)
 .glue_7t       0x00000000        0x0 linker stubs
 *(.eh_frame)
 .eh_frame      0x00009490        0x0 c:/freescale/kds_v3/toolchain/bin/../lib/gcc/arm-none-eabi/4.8.4/armv7e-m/fpu/crtbegin.o
 *(.init)
 .init          0x00009490        0x4 c:/freescale/kds_v3/toolchain/bin/../lib/gcc/arm-none-eabi/4.8.4/armv7e-m/fpu/crti.o
                0x00009490                _init
 .init          0x00009494        0x8 c:/freescale/kds_v3/toolchain/bin/../lib/gcc/arm-none-eabi/4.8.4/armv7e-m/fpu/crtn.o
 *(.fini)
 .fini          0x0000949c        0x4 c:/freescale/kds_v3/toolchain/bin/../lib/gcc/arm-none-eabi/4.8.4/armv7e-m/fpu/crti.o
                0x0000949c                _fini
 .fini          0x000094a0        0x8 c:/freescale/kds_v3/toolchain/bin/../lib/gcc/arm-none-eabi/4.8.4/armv7e-m/fpu/crtn.o
                0x000094a8                . = ALIGN (0x4)

.vfp11_veneer   0x000094a8        0x0
 .vfp11_veneer  0x00000000        0x0 linker stubs

.v4_bx          0x000094a8        0x0
 .v4_bx         0x00000000        0x0 linker stubs

.iplt           0x000094a8        0x0
 .iplt          0x00000000        0x0 c:/freescale/kds_v3/toolchain/bin/../lib/gcc/arm-none-eabi/4.8.4/armv7e-m/fpu/crtbegin.o

.ARM.extab
 *(.ARM.extab* .gnu.linkonce.armextab.*)

.ARM            0x000094a8        0x8
                0x000094a8                __exidx_start = .
 *(.ARM.exidx*)
 .ARM.exidx     0x000094a8        0x8 c:/freescale/kds_v3/toolchain/bin/../lib/gcc/arm-none-eabi/4.8.4/../../../../arm-none-eabi/lib/armv7e-m/fpu/crt0.o
                0x000094b0                __exidx_end = .

.rel.dyn        0x000094b0        0x0
 .rel.iplt      0x00000000        0x0 c:/freescale/kds_v3/toolchain/bin/../lib/gcc/arm-none-eabi/4.8.4/armv7e-m/fpu/crtbegin.o

.ctors          0x000094b0        0x0
                0x000094b0                __CTOR_LIST__ = .
 *crtbegin.o(.ctors)
 *crtbegin?.o(.ctors)
 *(EXCLUDE_FILE(*crtend.o *crtend?.o) .ctors)
 *(SORT(.ctors.*))
 *(.ctors)
                0x000094b0                __CTOR_END__ = .

.dtors          0x000094b0        0x0
                0x000094b0                __DTOR_LIST__ = .
 *crtbegin.o(.dtors)
 *crtbegin?.o(.dtors)
 *(EXCLUDE_FILE(*crtend.o *crtend?.o) .dtors)
 *(SORT(.dtors.*))
 *(.dtors)
                0x000094b0                __DTOR_END__ = .

.preinit_array  0x000094b0        0x0
                0x000094b0                PROVIDE (__preinit_array_start, .)
 *(.preinit_array*)
                0x000094b0                PROVIDE (__preinit_array_end, .)

.init_array     0x000094b0        0x4
                0x000094b0                PROVIDE (__init_array_start, .)
 *(SORT(.init_array.*))
 *(.init_array*)
 .init_array    0x000094b0        0x4 c:/freescale/kds_v3/toolchain/bin/../lib/gcc/arm-none-eabi/4.8.4/armv7e-m/fpu/crtbegin.o
                0x000094b4                PROVIDE (__init_array_end, .)

.fini_array     0x000094b4        0x4
                0x000094b4                PROVIDE (__fini_array_start, .)
 *(SORT(.fini_array.*))
 *(.fini_array*)
 .fini_array    0x000094b4        0x4 c:/freescale/kds_v3/toolchain/bin/../lib/gcc/arm-none-eabi/4.8.4/armv7e-m/fpu/crtbegin.o
                0x000094b8                PROVIDE (__fini_array_end, .)
                0x000094b8                __etext = .
                0x000094b8                __DATA_ROM = .

.data           0x20000000       0xd8 load address 0x000094b8
                0x20000000                . = ALIGN (0x4)
                0x20000000                __DATA_RAM = .
                0x20000000                __data_start__ = .
 *(.data)
 *(.data*)
 .data.SystemCoreClock
                0x20000000        0x4 ./KSDK/platform/startup/MK64F12/system_MK64F12.o
                0x20000000                SystemCoreClock
 .data.g_uartRxTxIrqId
                0x20000004        0x8 ./KSDK/platform/drivers/uart/common/fsl_uart_common.o
                0x20000004                g_uartRxTxIrqId
 .data.switchPins
                0x2000000c       0x30 ./KSDK/boards/frdmk64f120m/gpio_pins.o
                0x2000000c                switchPins
 *fill*         0x2000003c        0x4 
 .data.input_ErrorDeg
                0x20000040       0x30 ./APP/app.o
 .data.impure_data
                0x20000070       0x60 c:/freescale/kds_v3/toolchain/bin/../lib/gcc/arm-none-eabi/4.8.4/../../../../arm-none-eabi/lib/armv7e-m/fpu\libg_s.a(lib_a-impure.o)
 .data._impure_ptr
                0x200000d0        0x4 c:/freescale/kds_v3/toolchain/bin/../lib/gcc/arm-none-eabi/4.8.4/../../../../arm-none-eabi/lib/armv7e-m/fpu\libg_s.a(lib_a-impure.o)
                0x200000d0                _impure_ptr
 *(.jcr*)
 .jcr           0x200000d4        0x0 c:/freescale/kds_v3/toolchain/bin/../lib/gcc/arm-none-eabi/4.8.4/armv7e-m/fpu/crtbegin.o
 .jcr           0x200000d4        0x4 c:/freescale/kds_v3/toolchain/bin/../lib/gcc/arm-none-eabi/4.8.4/armv7e-m/fpu/crtend.o
                0x200000d8                . = ALIGN (0x4)
                0x200000d8                __data_end__ = .
                0x00009590                __DATA_END = (__DATA_ROM + (__data_end__ - __data_start__))
                0x00009590                __m_interrupts_ram_ROMStart = (__DATA_ROM + SIZEOF (.data))

.igot.plt       0x200000d8        0x0 load address 0x00009590
 .igot.plt      0x00000000        0x0 c:/freescale/kds_v3/toolchain/bin/../lib/gcc/arm-none-eabi/4.8.4/armv7e-m/fpu/crtbegin.o

.m_interrupts_ram
                0x1fff0000        0x0 load address 0x00009590
                0x1fff0000                . = ALIGN (0x4)
                0x1fff0000                __m_interrupts_ram_RAMStart = .
 *(.m_interrupts_ram)
                0x1fff0000                __m_interrupts_ram_RAMEnd = .
                0x1fff0000                . = ALIGN (0x4)
                0x00000000                __m_interrupts_ram_ROMSize = (__m_interrupts_ram_RAMEnd - __m_interrupts_ram_RAMStart)

.bss            0x200000d8     0x2434 load address 0x00009590
                0x200000d8                . = ALIGN (0x4)
                0x200000d8                __START_BSS = .
                0x200000d8                __bss_start__ = .
 *(.bss)
 .bss           0x200000d8       0x1c c:/freescale/kds_v3/toolchain/bin/../lib/gcc/arm-none-eabi/4.8.4/armv7e-m/fpu/crtbegin.o
 *(.bss*)
 .bss.g_interruptDisableCount
                0x200000f4        0x4 ./KSDK/platform/system/interrupt/src/fsl_interrupt_manager.o
                0x200000f4                g_interruptDisableCount
 .bss.g_uartStatePtr
                0x200000f8       0x18 ./KSDK/platform/drivers/uart/common/fsl_uart_common.o
                0x200000f8                g_uartStatePtr
 .bss.BSP_UartState
                0x20000110       0x70 ./BSP/bsp_ser.o
 .bss.BSP_SerLock
                0x20000180       0x28 ./BSP/bsp_ser.o
 .bss.AppStartupTaskTCB
                0x200001a8       0xc4 ./APP/app.o
 .bss.AppStartupTaskStk
                0x2000026c      0x800 ./APP/app.o
 .bss.BaseRateTMR
                0x20000a6c       0x30 ./APP/app.o
 .bss.feedback_control_M_
                0x20000a9c        0x4 ./APP/app.o
 .bss.feedback_control_U_ErrorDeg
                0x20000aa0        0x8 ./APP/app.o
 .bss.feedback_control_Y_CommandV
                0x20000aa8        0x8 ./APP/app.o
 .bss.output_CommandV
                0x20000ab0       0x30 ./APP/app.o
 .bss.index     0x20000ae0        0x4 ./APP/app.o
 .bss.__malloc_sbrk_start
                0x20000ae4        0x4 c:/freescale/kds_v3/toolchain/bin/../lib/gcc/arm-none-eabi/4.8.4/../../../../arm-none-eabi/lib/armv7e-m/fpu\libg_s.a(lib_a-nano-mallocr.o)
                0x20000ae4                __malloc_sbrk_start
 .bss.__malloc_free_list
                0x20000ae8        0x4 c:/freescale/kds_v3/toolchain/bin/../lib/gcc/arm-none-eabi/4.8.4/../../../../arm-none-eabi/lib/armv7e-m/fpu\libg_s.a(lib_a-nano-mallocr.o)
                0x20000ae8                __malloc_free_list
 .bss.heap_end.4246
                0x20000aec        0x4 c:/freescale/kds_v3/toolchain/bin/../lib/gcc/arm-none-eabi/4.8.4/../../../../arm-none-eabi/lib/armv7e-m/fpu\libnosys.a(sbrk.o)
 *(COMMON)
 COMMON         0x20000af0     0x1040 ./uCOS-III/Source/os_cfg_app.o
                0x20000af0                OSCfg_StatTaskStk
                0x20000cf0                OSCfg_MsgPool
                0x20001330                OSCfg_TmrTaskStk
                0x20001530                OSCfg_ISRStk
                0x20001730                OSCfg_TickTaskStk
                0x20001930                OSCfg_IdleTaskStk
 COMMON         0x20001b30        0x4 ./uCOS-III/Source/os_prio.o
                0x20001b30                OSPrioTbl
 COMMON         0x20001b34      0x590 ./uCOS-III/Source/os_var.o
                0x20001b34                OSSchedLockNestingCtr
                0x20001b38                OS_AppTaskReturnHookPtr
                0x20001b3c                OSStatTaskTimeMax
                0x20001b40                OSStatTaskCtr
                0x20001b44                OSTaskRegNextAvailID
                0x20001b45                OSRunning
                0x20001b48                OSRdyList
                0x20001cc8                OSPrioHighRdy
                0x20001cc9                OSStatTaskRdy
                0x20001ccc                OSSemDbgListPtr
                0x20001cd0                OS_AppTaskCreateHookPtr
                0x20001cd4                OSPrioCur
                0x20001cd8                OSTickTaskTCB
                0x20001d9c                OSTmrTickCtr
                0x20001da0                OSTCBCurPtr
                0x20001da4                OSQQty
                0x20001da6                OSStatTaskCPUUsageMax
                0x20001da8                OSPrioSaved
                0x20001dac                OSTCBHighRdyPtr
                0x20001db0                OSTaskDbgListPtr
                0x20001db4                OSTmrTaskTimeMax
                0x20001db8                OS_AppTaskDelHookPtr
                0x20001dbc                OS_AppTimeTickHookPtr
                0x20001dc0                OSStatTaskCPUUsage
                0x20001dc4                OSTaskCtxSwCtr
                0x20001dc8                OSIntNestingCtr
                0x20001dca                OSTaskQty
                0x20001dcc                OSTmrTaskTCB
                0x20001e90                OSMsgPool
                0x20001e9c                OSIdleTaskTCB
                0x20001f60                OSQDbgListPtr
                0x20001f64                OSSemQty
                0x20001f68                OSMemDbgListPtr
                0x20001f6c                OSSchedRoundRobinDfltTimeQuanta
                0x20001f70                OSTmrMutex
                0x20001fa0                OS_AppIdleTaskHookPtr
                0x20001fa4                OSStatTaskCtrMax
                0x20001fa8                OSTickCtr
                0x20001fac                OS_AppTaskSwHookPtr
                0x20001fb0                OSTmrQty
                0x20001fb4                OSIdleTaskCtr
                0x20001fb8                OSStatTaskCtrRun
                0x20001fbc                OS_AppStatTaskHookPtr
                0x20001fc0                OSFlagQty
                0x20001fc4                OSFlagDbgListPtr
                0x20001fc8                OSStatResetFlag
                0x20001fca                OSMemQty
                0x20001fcc                OSMutexQty
                0x20001fd0                OSStatTaskTCB
                0x20002094                OSTmrListPtr
                0x20002098                OSTmrDbgListPtr
                0x2000209c                OSTickTaskTimeMax
                0x200020a0                OSTmrListEntries
                0x200020a4                OSTmrUpdateCnt
                0x200020a8                OSSchedRoundRobinEn
                0x200020ac                OSMutexDbgListPtr
                0x200020b0                OSTickListDly
                0x200020b8                OSTmrUpdateCtr
                0x200020bc                OSTickListTimeout
 COMMON         0x200020c4        0x4 ./uCOS-III/Ports/ARM-Cortex-M4/Generic/GNU/os_cpu_c.o
                0x200020c4                OS_CPU_ExceptStkBase
 COMMON         0x200020c8        0x4 ./uC-LIB/lib_math.o
                0x200020c8                Math_RandSeedCur
 COMMON         0x200020cc      0x418 ./uC-LIB/lib_mem.o
                0x200020cc                Mem_SegHeap
                0x200020e0                Mem_SegHeadPtr
                0x200020e4                Mem_Heap
 *fill*         0x200024e4        0x4 
 COMMON         0x200024e8       0x20 ./uC-CPU/cpu_core.o
                0x200024e8                CPU_TS_TmrFreq_Hz
                0x200024ec                CPU_TS_64_TmrPrev
                0x200024f0                CPU_TS_64_Accum
                0x200024f8                CPU_Name
 COMMON         0x20002508        0x4 c:/freescale/kds_v3/toolchain/bin/../lib/gcc/arm-none-eabi/4.8.4/../../../../arm-none-eabi/lib/armv7e-m/fpu\libg_s.a(lib_a-reent.o)
                0x20002508                errno
                0x2000250c                . = ALIGN (0x4)
                0x2000250c                __bss_end__ = .
                0x2000250c                __END_BSS = .

.heap           0x1fff0400     0x8000
                0x1fff0400                . = ALIGN (0x8)
                0x1fff0400                __end__ = .
                0x1fff0400                PROVIDE (end, .)
                0x1fff0400                __HeapBase = .
                0x1fff8400                . = (. + HEAP_SIZE)
 *fill*         0x1fff0400     0x8000 
                0x1fff8400                __HeapLimit = .

.stack          0x1fff8400     0x4000
                0x1fff8400                . = ALIGN (0x8)
                0x1fffc400                . = (. + STACK_SIZE)
 *fill*         0x1fff8400     0x4000 
                0x1fffc400                __StackTop = .
                0x1fff8400                __StackLimit = (__StackTop - STACK_SIZE)
                0x1fffc400                PROVIDE (__stack, __StackTop)

.ARM.attributes
                0x00000000       0x30
 *(.ARM.attributes)
 .ARM.attributes
                0x00000000       0x22 c:/freescale/kds_v3/toolchain/bin/../lib/gcc/arm-none-eabi/4.8.4/armv7e-m/fpu/crti.o
 .ARM.attributes
                0x00000022       0x34 c:/freescale/kds_v3/toolchain/bin/../lib/gcc/arm-none-eabi/4.8.4/armv7e-m/fpu/crtbegin.o
 .ARM.attributes
                0x00000056       0x20 c:/freescale/kds_v3/toolchain/bin/../lib/gcc/arm-none-eabi/4.8.4/../../../../arm-none-eabi/lib/armv7e-m/fpu/crt0.o
 .ARM.attributes